[developer.mozilla.org/en/Gecko_DOM_Reference.html]
[backblue.gif]
[fade.gif]
[index.html]
[developer.mozilla.org/favicon.ico]
[developer.mozilla.org/skins/common/css.css]
[developer.mozilla.org/skins/mdn/Transitional/css.css]
[developer.mozilla.org/skins/mdn/Transitional/print.css]
[developer.mozilla.org/skins/common/js188f.php]
[developer.mozilla.org/skins/mdn/_editor.css]
[developer.mozilla.org/skins/mdn/Transitional/_content.css]
[developer.mozilla.org/skins/common/custom_css.css]
[developer.mozilla.org/skins/mdn/Transitional/img/mdn-logo-compact.png]
[developer.mozilla.org/en/Gecko_DOM_Reference/Preface.html]
[developer.mozilla.org/en/Gecko_DOM_Reference/Introduction.html]
[developer.mozilla.org/en/DOM/document.html]
[developer.mozilla.org/en/DOM/element.html]
[developer.mozilla.org/en/DOM/event.html]
[developer.mozilla.org/en/DOM/Event/UIEvent.html]
[developer.mozilla.org/en/DOM/Event/UIEvent/KeyEvent.html]
[developer.mozilla.org/en/DOM/Event/UIEvent/MouseEvent.html]
[developer.mozilla.org/en/DOM/range.html]
[developer.mozilla.org/en/DOM/Selection.html]
[developer.mozilla.org/en/DOM/HTMLStyleElement.html]
[developer.mozilla.org/en/DOM/window.html]
[developer.mozilla.org/En/DOM/Attr.html]
[developer.mozilla.org/en/DOM/CDATASection.html]
[developer.mozilla.org/En/DOM/CharacterData.html]
[developer.mozilla.org/En/DOM/Comment.html]
[developer.mozilla.org/En/DOM/DocumentFragment.html]
[developer.mozilla.org/En/DOM/DocumentType.html]
[developer.mozilla.org/En/DOM/DOMConfiguration.html]
[developer.mozilla.org/En/DOM/DOMError.html]
[developer.mozilla.org/En/DOM/DOMErrorHandler.html]
[developer.mozilla.org/En/DOM/DOMException.html]
[developer.mozilla.org/En/DOM/DOMImplementation.html]
[developer.mozilla.org/En/DOM/DOMImplementationList.html]
[developer.mozilla.org/En/DOM/DOMImplementationRegistry.html]
[developer.mozilla.org/En/DOM/DOMImplementationSource.html]
[developer.mozilla.org/En/DOM/DOMLocator.html]
[developer.mozilla.org/En/DOM/DOMObject.html]
[developer.mozilla.org/En/DOM/DOMString.html]
[developer.mozilla.org/En/DOM/DOMStringList.html]
[developer.mozilla.org/en/DOM/DOMTimeStamp.html]
[developer.mozilla.org/En/DOM/DOMUserData.html]
[developer.mozilla.org/En/DOM/Entity.html]
[developer.mozilla.org/En/DOM/EntityReference.html]
[developer.mozilla.org/En/DOM/NameList.html]
[developer.mozilla.org/En/DOM/NamedNodeMap.html]
[developer.mozilla.org/en/DOM/Node.html]
[developer.mozilla.org/En/DOM/NodeList.html]
[developer.mozilla.org/En/DOM/Notation.html]
[developer.mozilla.org/en/DOM/Plugin.html]
[developer.mozilla.org/en/DOM/PluginArray.html]
[developer.mozilla.org/en/DOM/ProcessingInstruction.html]
[developer.mozilla.org/En/DOM/SharedWorker.html]
[developer.mozilla.org/En/DOM/Text.html]
[developer.mozilla.org/en/DOM/TimeRanges.html]
[developer.mozilla.org/En/DOM/TypeInfo.html]
[developer.mozilla.org/En/DOM/UserDataHandler.html]
[developer.mozilla.org/En/DOM/Worker.html]
[developer.mozilla.org/en/DOM/HTMLDocument.html]
[developer.mozilla.org/en/DOM/HTMLElement.html]
[developer.mozilla.org/en/DOM/HTMLAnchorElement.html]
[developer.mozilla.org/en/DOM/HTMLAudioElement.html]
[developer.mozilla.org/en/DOM/HTMLAreaElement.html]
[developer.mozilla.org/en/DOM/HTMLBaseElement.html]
[developer.mozilla.org/en/DOM/HTMLBodyElement.html]
[developer.mozilla.org/en/DOM/HTMLBRElement.html]
[developer.mozilla.org/en/DOM/HTMLButtonElement.html]
[developer.mozilla.org/en/DOM/HTMLCanvasElement.html]
[developer.mozilla.org/en/DOM/HTMLDivElement.html]
[developer.mozilla.org/en/DOM/HTMLDListElement.html]
[developer.mozilla.org/en/DOM/HTMLEmbedElement.html]
[developer.mozilla.org/en/DOM/HTMLFieldSetElement.html]
[developer.mozilla.org/en/DOM/HTMLFormElement.html]
[developer.mozilla.org/en/DOM/HTMLHeadElement.html]
[developer.mozilla.org/en/DOM/HTMLHeadingElement.html]
[developer.mozilla.org/en/DOM/HTMLHtmlElement.html]
[developer.mozilla.org/en/DOM/HTMLHRElement.html]
[developer.mozilla.org/en/DOM/HTMLIFrameElement.html]
[developer.mozilla.org/en/DOM/HTMLImageElement.html]
[developer.mozilla.org/en/DOM/HTMLInputElement.html]
[developer.mozilla.org/en/DOM/HTMLKeygenElement.html]
[developer.mozilla.org/en/DOM/HTMLLabelElement.html]
[developer.mozilla.org/en/DOM/HTMLLinkElement.html]
[developer.mozilla.org/en/DOM/HTMLMetaElement.html]
[developer.mozilla.org/en/DOM/HTMLModElement.html]
[developer.mozilla.org/en/DOM/HTMLObjectElement.html]
[developer.mozilla.org/En/DOM/HTMLOptionElement.html]
[developer.mozilla.org/en/DOM/HTMLOutputElement.html]
[developer.mozilla.org/en/DOM/HTMLQuoteElement.html]
[developer.mozilla.org/en/DOM/HTMLSelectElement.html]
[developer.mozilla.org/en/DOM/HTMLSourceElement.html]
[developer.mozilla.org/en/DOM/HTMLTableElement.html]
[developer.mozilla.org/en/DOM/HTMLTableCaptionElement.html]
[developer.mozilla.org/en/DOM/HTMLTableColElement.html]
[developer.mozilla.org/en/DOM/HTMLTableRowElement.html]
[developer.mozilla.org/en/DOM/HTMLTextAreaElement.html]
[developer.mozilla.org/en/DOM/HTMLTitleElement.html]
[developer.mozilla.org/en/DOM/HTMLVideoElement.html]
[developer.mozilla.org/en/DOM/CanvasRenderingContext2D.html]
[developer.mozilla.org/en/DOM/CanvasGradient.html]
[developer.mozilla.org/en/DOM/CanvasPattern.html]
[developer.mozilla.org/en/DOM/TextMetrics.html]
[developer.mozilla.org/en/DOM/ImageData.html]
[developer.mozilla.org/en/DOM/CanvasPixelArray.html]
[developer.mozilla.org/en/DOM/NotifyAudioAvailableEvent.html]
[developer.mozilla.org/en/DOM/HTMLCollection.html]
[developer.mozilla.org/en/DOM/HTMLFormControlsCollection.html]
[developer.mozilla.org/en/DOM/HTMLOptionsCollection.html]
[developer.mozilla.org/en/DOM/DOMTokenList.html]
[developer.mozilla.org/skins/mdn/Transitional/img/mdn-logo-tiny.png]
[developer.mozilla.org/en/Gecko_DOM_Reference/Examples.html]
[developer.mozilla.org/skins/mdn/Transitional/js/jquery.hoverIntent.minified.js]
[developer.mozilla.org/skins/mdn/Transitional/js/superfish.js]
[developer.mozilla.org/skins/mdn/Transitional/js/javascript.js]
[developer.mozilla.org/skins/mdn/Transitional/js/gsearch.js]
[developer.mozilla.org/skins/mdn/Transitional/js/webtrends.js]
[statse.webtrendslive.com/dcs8yrjuavz5bdaun34r2o8bi_8o8x/njs3a1a.gif]
[developer.mozilla.org/en/Gecko_DOM_Reference.html]
[developer.mozilla.org/skins/common/icons/file-unknown.png]
[developer.mozilla.org/skins/common/icons/icon-redirect.gif]
[developer.mozilla.org/skins/common/icons/icon-external.gif]
[developer.mozilla.org/skins/common/icons/icon-lock.gif]
[developer.mozilla.org/skins/common/icons/icon-mail.gif]
[developer.mozilla.org/skins/common/icons/icon-news.gif]
[developer.mozilla.org/skins/common/icons/icon-file.gif]
[developer.mozilla.org/skins/common/icons/icon-discuss.gif]
[developer.mozilla.org/skins/common/icons/icon-user-s.gif]
[developer.mozilla.org/skins/common/icons/icon-expand.gif]
[developer.mozilla.org/skins/common/icons/icons.gif]
[developer.mozilla.org/skins/common/icons/edit.png]
[developer.mozilla.org/skins/common/images/nav-parent-open.gif]
[developer.mozilla.org/skins/common/images/nav-parent-closed.gif]
[developer.mozilla.org/skins/common/images/nav-home.gif]
[developer.mozilla.org/skins/common/icons/file-text.png]
[developer.mozilla.org/skins/common/icons/file-ppt.png]
[developer.mozilla.org/skins/common/icons/file-image.png]
[developer.mozilla.org/skins/common/icons/file-flash.png]
[developer.mozilla.org/skins/common/icons/file-excel.png]
[developer.mozilla.org/skins/common/icons/file-zip.png]
[developer.mozilla.org/skins/common/icons/file-acrobat.png]
[developer.mozilla.org/skins/common/icons/file-archived.png]
[developer.mozilla.org/skins/common/icons/file-doc.png]
[developer.mozilla.org/skins/common/icons/file-movie.png]
[developer.mozilla.org/skins/common/icons/file-html.png]
[developer.mozilla.org/skins/common/icons/file-music.png]
[developer.mozilla.org/skins/common/images/icons/aif-16.gif]
[developer.mozilla.org/skins/common/images/icons/aiff-16.gif]
[developer.mozilla.org/skins/common/images/icons/au-16.gif]
[developer.mozilla.org/skins/common/images/icons/bmp-16.gif]
[developer.mozilla.org/skins/common/images/icons/default-16.gif]
[developer.mozilla.org/skins/common/images/icons/doc-16.gif]
[developer.mozilla.org/skins/common/images/icons/dot-16.gif]
[developer.mozilla.org/skins/common/images/icons/gif-16.gif]
[developer.mozilla.org/skins/common/images/icons/jpeg-16.gif]
[developer.mozilla.org/skins/common/images/icons/jpg-16.gif]
[developer.mozilla.org/skins/common/images/icons/m1v-16.gif]
[developer.mozilla.org/skins/common/images/icons/mov-16.gif]
[developer.mozilla.org/skins/common/images/icons/mp2-16.gif]
[developer.mozilla.org/skins/common/images/icons/mp3-16.gif]
[developer.mozilla.org/skins/common/images/icons/mpa-16.gif]
[developer.mozilla.org/skins/common/images/icons/mpg-16.gif]
[developer.mozilla.org/skins/common/images/icons/pdf-16.gif]
[developer.mozilla.org/skins/common/images/icons/png-16.gif]
[developer.mozilla.org/skins/common/images/icons/ppt-16.gif]
[developer.mozilla.org/skins/common/images/icons/pub-16.gif]
[developer.mozilla.org/skins/common/images/icons/qt-16.gif]
[developer.mozilla.org/skins/common/images/icons/tif-16.gif]
[developer.mozilla.org/skins/common/images/icons/txt-16.gif]
[developer.mozilla.org/skins/common/images/icons/vsd-16.gif]
[developer.mozilla.org/skins/common/images/icons/wav-16.gif]
[developer.mozilla.org/skins/common/images/icons/wmv-16.gif]
[developer.mozilla.org/skins/common/images/icons/xls-16.gif]
[developer.mozilla.org/skins/common/images/icons/xlt-16.gif]
[developer.mozilla.org/skins/common/images/icons/zip-16.gif]
[developer.mozilla.org/skins/common/yui/assets/skins/sam/sprite.png]
[developer.mozilla.org/skins/common/yui/button/assets/skins/sam/menu-button-arrow.png]
[developer.mozilla.org/skins/common/yui/button/assets/skins/sam/split-button-arrow.png]
[developer.mozilla.org/skins/common/yui/button/assets/skins/sam/split-button-arrow-focus.png]
[developer.mozilla.org/skins/common/yui/button/assets/skins/sam/split-button-arrow-hover.png]
[developer.mozilla.org/skins/common/yui/button/assets/skins/sam/split-button-arrow-active.png]
[developer.mozilla.org/skins/common/yui/button/assets/skins/sam/menu-button-arrow-disabled.png]
[developer.mozilla.org/skins/common/yui/button/assets/skins/sam/split-button-arrow-disabled.png]
[developer.mozilla.org/skins/common/jquery/thickbox/macFFBgHack.png]
[developer.mozilla.org/skins/common/icons/close.png]
[developer.mozilla.org/skins/common/icons/tag_blue_add.png]
[developer.mozilla.org/skins/common/icons/tag_blue_delete.png]
[developer.mozilla.org/skins/common/icons/alert_on.gif]
[developer.mozilla.org/skins/common/icons/alert_off.gif]
[developer.mozilla.org/skins/common/css.css]
[developer.mozilla.org/skins/common/print.css]
[developer.mozilla.org/skins/common/icons/anim-wait-circle.gif]
[developer.mozilla.org/skins/mdn/Transitional/fonts/League_Gothic-webfont.eot]
[developer.mozilla.org/skins/mdn/Transitional/fonts/League_Gothic-webfont.woff]
[developer.mozilla.org/skins/mdn/Transitional/fonts/League_Gothic-webfont.ttf]
[developer.mozilla.org/skins/mdn/Transitional/img/bg-content.png]
[developer.mozilla.org/skins/mdn/Transitional/img/icons/user_small.png]
[developer.mozilla.org/skins/mdn/Transitional/img/icons/link_external.png]
[developer.mozilla.org/skins/mdn/Transitional/img/icons/link_mail.png]
[developer.mozilla.org/skins/mdn/Transitional/img/icons/link_news.png]
[developer.mozilla.org/skins/mdn/Transitional/img/icons/link_download.png]
[developer.mozilla.org/skins/mdn/Transitional/img/icons/link_chat.png]
[developer.mozilla.org/skins/mdn/Transitional/img/button-shade.png]
[developer.mozilla.org/skins/mdn/Transitional/img/bg-masthead.png]
[developer.mozilla.org/skins/mdn/Transitional/img/nav-main-arrow.png]
[developer.mozilla.org/skins/mdn/Transitional/img/menu-arrow-w.png]
[developer.mozilla.org/skins/mdn/Transitional/img/menu-arrow.png]
[developer.mozilla.org/skins/mdn/Transitional/img/crumb-sep.png]
[developer.mozilla.org/skins/mdn/Transitional/img/search-arrow.png]
[developer.mozilla.org/skins/mdn/Transitional/img/button-edit.png]
[developer.mozilla.org/skins/mdn/Transitional/img/button-watch.png]
[developer.mozilla.org/skins/mdn/Transitional/img/icons/sysaccept.png]
[developer.mozilla.org/skins/mdn/Transitional/img/icons/sysalert.png]
[developer.mozilla.org/skins/mdn/Transitional/img/icons/tag-tiny.png]
[developer.mozilla.org/skins/mdn/Transitional/img/icons/attach-tiny.png]
[developer.mozilla.org/skins/mdn/Transitional/img/light-shade.png]
[developer.mozilla.org/skins/mdn/Transitional/img/button-attach.png]
[developer.mozilla.org/skins/mdn/Transitional/img/downarrow.png]
[developer.mozilla.org/skins/mdn/Transitional/css.css]
[developer.mozilla.org/skins/mdn/Transitional/print.css]
[developer.mozilla.org/skins/common/icons/anim-save.gif]
[developer.mozilla.org/skins/mdn/_edcontent.css]
[developer.mozilla.org/skins/common/icons/editor-title.gif]
[developer.mozilla.org/skins/common/icons/editor-h1.gif]
[developer.mozilla.org/skins/common/icons/editor-h2.gif]
[developer.mozilla.org/skins/common/icons/editor-h3.gif]
[developer.mozilla.org/skins/common/icons/editor-h4.gif]
[developer.mozilla.org/skins/common/icons/editor-h5.gif]
[developer.mozilla.org/skins/mdn/Transitional/img/bullet.png]
[developer.mozilla.org/skins/mdn/Transitional/img/bullet-sub.png]
[developer.mozilla.org/skins/mdn/_editor.css]
[developer.mozilla.org/skins/mdn/Transitional/_content.css]
[developer.mozilla.org/skins/common/custom_css.css]
[developer.mozilla.org/en/Gecko_DOM_Reference/Preface.html]
[developer.mozilla.org/en/DOM/window-2.html]
[developer.mozilla.org/en/DOM/window-3.html]
[developer.mozilla.org/en/DOM/document-2.html]
[developer.mozilla.org/en/DOM/element-2.html]
[developer.mozilla.org/en/DOM/document-3.html]
[developer.mozilla.org/En/DOM/Node-2.html]
[developer.mozilla.org/en/DOM/element-3.html]
[developer.mozilla.org/en/DOM/element-4.html]
[developer.mozilla.org/en/DOM/element-5.html]
[developer.mozilla.org/en/DOM/element-6.html]
[developer.mozilla.org/en/DOM/element-7.html]
[developer.mozilla.org/en/DOM/window-4.html]
[developer.mozilla.org/en/DOM/window-5.html]
[developer.mozilla.org/en/DOM/window-6.html]
[developer.mozilla.org/en/DOM/window-7.html]
[developer.mozilla.org/en/Gecko_DOM_Reference/Introduction.html]
[developer.mozilla.org/_api/deki/files/173/=DOM_Ref_Introduction_to_the_DOM.gif]
[developer.mozilla.org/en/DOM/document-4.html]
[developer.mozilla.org/en/DOM/document-5.html]
[developer.mozilla.org/en/DOM/document-6.html]
[developer.mozilla.org/en/DOM/document-7.html]
[developer.mozilla.org/en/DOM/document-8.html]
[developer.mozilla.org/en/DOM/document-9.html]
[developer.mozilla.org/en/DOM/document-10.html]
[developer.mozilla.org/En/DOM/Node-3.html]
[developer.mozilla.org/en/DOM/document-11.html]
[developer.mozilla.org/en/DOM/document-12.html]
[developer.mozilla.org/en/DOM/document-13.html]
[developer.mozilla.org/en/DOM/document-14.html]
[developer.mozilla.org/En/DOM/Node-4.html]
[developer.mozilla.org/en/DOM/document-15.html]
[developer.mozilla.org/en/DOM/document-16.html]
[developer.mozilla.org/en/DOM/document-17.html]
[developer.mozilla.org/en/DOM/document-18.html]
[developer.mozilla.org/en/DOM/document-19.html]
[developer.mozilla.org/En/DOM/Document-20.html]
[developer.mozilla.org/en/DOM/document-21.html]
[developer.mozilla.org/en/DOM/document-22.html]
[developer.mozilla.org/en/DOM/document-23.html]
[developer.mozilla.org/en/DOM/document-24.html]
[developer.mozilla.org/en/DOM/document-25.html]
[developer.mozilla.org/En/DOM/Document-26.html]
[developer.mozilla.org/en/DOM/document-27.html]
[developer.mozilla.org/en/DOM/document-28.html]
[developer.mozilla.org/En/DOM/Node-5.html]
[developer.mozilla.org/en/DOM/document-29.html]
[developer.mozilla.org/en/DOM/document-30.html]
[developer.mozilla.org/en/DOM/document-31.html]
[developer.mozilla.org/en/DOM/document-32.html]
[developer.mozilla.org/en/DOM/document-33.html]
[developer.mozilla.org/En/DOM/Node-6.html]
[developer.mozilla.org/en/DOM/document-34.html]
[developer.mozilla.org/en/DOM/document-35.html]
[developer.mozilla.org/en/DOM/document-36.html]
[developer.mozilla.org/En/DOM/Node-7.html]
[developer.mozilla.org/en/DOM/document-37.html]
[developer.mozilla.org/En/DOM/Node-8.html]
[developer.mozilla.org/En/DOM/Node-9.html]
[developer.mozilla.org/En/DOM/Node-10.html]
[developer.mozilla.org/En/DOM/Node-11.html]
[developer.mozilla.org/En/DOM/Node-12.html]
[developer.mozilla.org/En/DOM/Node-13.html]
[developer.mozilla.org/En/DOM/Node-14.html]
[developer.mozilla.org/En/DOM/Node-15.html]
[developer.mozilla.org/en/DOM/document-38.html]
[developer.mozilla.org/en/DOM/document-39.html]
[developer.mozilla.org/En/DOM/Node-16.html]
[developer.mozilla.org/En/DOM/Node-17.html]
[developer.mozilla.org/en/DOM/element-8.html]
[developer.mozilla.org/en/DOM/document-40.html]
[developer.mozilla.org/en/DOM/document-41.html]
[developer.mozilla.org/en/DOM/document-42.html]
[developer.mozilla.org/En/DOM/Node-18.html]
[developer.mozilla.org/en/DOM/document-43.html]
[developer.mozilla.org/en/DOM/document-44.html]
[developer.mozilla.org/en/DOM/document-45.html]
[developer.mozilla.org/en/DOM/document-46.html]
[developer.mozilla.org/en/DOM/document-47.html]
[developer.mozilla.org/En/DOM/Document-48.html]
[developer.mozilla.org/en/DOM/document-49.html]
[developer.mozilla.org/en/DOM/document-50.html]
[developer.mozilla.org/en/DOM/document-51.html]
[developer.mozilla.org/En/DOM/Node-19.html]
[developer.mozilla.org/en/DOM/document-52.html]
[developer.mozilla.org/En/DOM/Node-20.html]
[developer.mozilla.org/en/DOM/document-53.html]
[developer.mozilla.org/en/DOM/document-54.html]
[developer.mozilla.org/en/DOM/document-55.html]
[developer.mozilla.org/en/DOM/document-56.html]
[developer.mozilla.org/en/DOM/document-57.html]
[developer.mozilla.org/en/DOM/document-58.html]
[developer.mozilla.org/en/DOM/document-59.html]
[developer.mozilla.org/en/DOM/document-60.html]
[developer.mozilla.org/en/DOM/document-61.html]
[developer.mozilla.org/en/DOM/document-62.html]
[developer.mozilla.org/en/DOM/document-63.html]
[developer.mozilla.org/en/DOM/document-64.html]
[developer.mozilla.org/en/DOM/document-65.html]
[developer.mozilla.org/en/DOM/treeWalker.html]
[developer.mozilla.org/en/DOM/document-66.html]
[developer.mozilla.org/en/DOM/document-67.html]
[developer.mozilla.org/en/DOM/document-68.html]
[developer.mozilla.org/en/DOM/document-69.html]
[developer.mozilla.org/en/DOM/document-70.html]
[developer.mozilla.org/en/DOM/document-71.html]
[developer.mozilla.org/en/DOM/document-72.html]
[developer.mozilla.org/En/DOM/Node-21.html]
[developer.mozilla.org/En/DOM/Node-22.html]
[developer.mozilla.org/En/DOM/Node-23.html]
[developer.mozilla.org/en/DOM/document-73.html]
[developer.mozilla.org/en/DOM/document-74.html]
[developer.mozilla.org/En/DOM/Node-24.html]
[developer.mozilla.org/En/DOM/Node-25.html]
[developer.mozilla.org/En/DOM/Node-26.html]
[developer.mozilla.org/en/DOM/document-75.html]
[developer.mozilla.org/En/DOM/Node-27.html]
[developer.mozilla.org/En/DOM/Node-28.html]
[developer.mozilla.org/En/DOM/Node-29.html]
[developer.mozilla.org/en/DOM/document-76.html]
[developer.mozilla.org/En/DOM/Document-77.html]
[developer.mozilla.org/En/DOM/Document-78.html]
[developer.mozilla.org/en/DOM/document-79.html]
[developer.mozilla.org/En/DOM/Node-30.html]
[developer.mozilla.org/En/DOM/Node-31.html]
[developer.mozilla.org/en/DOM/document-80.html]
[developer.mozilla.org/En/DOM/Node-32.html]
[developer.mozilla.org/en/DOM/document-81.html]
[developer.mozilla.org/en/DOM/document-82.html]
[developer.mozilla.org/en/DOM/document-83.html]
[developer.mozilla.org/en/DOM/document-84.html]
[developer.mozilla.org/en/DOM/document.html]
[developer.mozilla.org/en/DOM/document-85.html]
[developer.mozilla.org/En/DOM/HTMLBodyElement-2.html]
[developer.mozilla.org/en/DOM/HTMLTextareaElement-2.html]
[developer.mozilla.org/En/DOM/HTMLButtonElement-2.html]
[developer.mozilla.org/En/DOM/HTMLFieldSetElement-2.html]
[developer.mozilla.org/En/DOM/HTMLLegendElement.html]
[developer.mozilla.org/en/DOM/element-9.html]
[developer.mozilla.org/En/DOM/Element-10.html]
[developer.mozilla.org/En/DOM/Element-11.html]
[developer.mozilla.org/en/DOM/element-12.html]
[developer.mozilla.org/en/DOM/element-13.html]
[developer.mozilla.org/en/DOM/element-14.html]
[developer.mozilla.org/en/DOM/element-15.html]
[developer.mozilla.org/en/DOM/element-16.html]
[developer.mozilla.org/en/DOM/element-17.html]
[developer.mozilla.org/en/DOM/Element-18.html]
[developer.mozilla.org/en/DOM/element-19.html]
[developer.mozilla.org/En/DOM/Element-20.html]
[developer.mozilla.org/en/DOM/element-21.html]
[developer.mozilla.org/en/DOM/Element-22.html]
[developer.mozilla.org/en/DOM/element-23.html]
[developer.mozilla.org/En/DOM/Element-24.html]
[developer.mozilla.org/en/DOM/element-25.html]
[developer.mozilla.org/En/DOM/Element-26.html]
[developer.mozilla.org/en/DOM/element-27.html]
[developer.mozilla.org/en/DOM/element-28.html]
[developer.mozilla.org/en/DOM/element-29.html]
[developer.mozilla.org/en/DOM/element-30.html]
[developer.mozilla.org/en/DOM/element-31.html]
[developer.mozilla.org/En/DOM/Element-32.html]
[developer.mozilla.org/en/DOM/element-33.html]
[developer.mozilla.org/en/DOM/element-34.html]
[developer.mozilla.org/en/DOM/element-35.html]
[developer.mozilla.org/en/DOM/element-36.html]
[developer.mozilla.org/en/DOM/CSSStyleDeclaration.html]
[developer.mozilla.org/en/DOM/element-37.html]
[developer.mozilla.org/en/DOM/element-38.html]
[developer.mozilla.org/en/DOM/element-39.html]
[developer.mozilla.org/en/DOM/element-40.html]
[developer.mozilla.org/en/DOM/element-41.html]
[developer.mozilla.org/en/DOM/element-42.html]
[developer.mozilla.org/en/DOM/element-43.html]
[developer.mozilla.org/en/DOM/element-44.html]
[developer.mozilla.org/en/DOM/element-45.html]
[developer.mozilla.org/en/DOM/element-46.html]
[developer.mozilla.org/en/DOM/element-47.html]
[developer.mozilla.org/en/DOM/element-48.html]
[developer.mozilla.org/En/DOM/Element-49.html]
[developer.mozilla.org/en/DOM/element-50.html]
[developer.mozilla.org/en/DOM/element-51.html]
[developer.mozilla.org/en/DOM/element-52.html]
[developer.mozilla.org/en/DOM/Node-33.html]
[developer.mozilla.org/En/DOM/Element-53.html]
[developer.mozilla.org/En/DOM/Element-54.html]
[developer.mozilla.org/en/DOM/element-55.html]
[developer.mozilla.org/en/DOM/element-56.html]
[developer.mozilla.org/en/DOM/element-57.html]
[developer.mozilla.org/en/DOM/element-58.html]
[developer.mozilla.org/en/DOM/element-59.html]
[developer.mozilla.org/en/DOM/element-60.html]
[developer.mozilla.org/en/DOM/element-61.html]
[developer.mozilla.org/en/DOM/element-62.html]
[developer.mozilla.org/en/DOM/element-63.html]
[developer.mozilla.org/en/DOM/element-64.html]
[developer.mozilla.org/en/DOM/element-65.html]
[developer.mozilla.org/en/DOM/element-66.html]
[developer.mozilla.org/en/DOM/element-67.html]
[developer.mozilla.org/en/DOM/element-68.html]
[developer.mozilla.org/en/DOM/element-69.html]
[developer.mozilla.org/en/DOM/element-70.html]
[developer.mozilla.org/en/DOM/element-71.html]
[developer.mozilla.org/en/DOM/element-72.html]
[developer.mozilla.org/en/DOM/element-73.html]
[developer.mozilla.org/en/DOM/element-74.html]
[developer.mozilla.org/en/DOM/element-75.html]
[developer.mozilla.org/en/DOM/element-76.html]
[developer.mozilla.org/en/DOM/element-77.html]
[developer.mozilla.org/en/DOM/element-78.html]
[developer.mozilla.org/en/DOM/element-79.html]
[developer.mozilla.org/en/DOM/element-80.html]
[developer.mozilla.org/en/DOM/element.html]
[developer.mozilla.org/en/DOM/element-81.html]
[developer.mozilla.org/en/DOM/event-2.html]
[developer.mozilla.org/en/DOM/event-3.html]
[developer.mozilla.org/en/DOM/event-4.html]
[developer.mozilla.org/en/DOM/event-5.html]
[developer.mozilla.org/en/DOM/event-6.html]
[developer.mozilla.org/en/DOM/event-7.html]
[developer.mozilla.org/en/DOM/event-8.html]
[developer.mozilla.org/en/DOM/event-9.html]
[developer.mozilla.org/en/DOM/event-10.html]
[developer.mozilla.org/en/DOM/event-11.html]
[developer.mozilla.org/en/DOM/event-12.html]
[developer.mozilla.org/en/DOM/event-13.html]
[developer.mozilla.org/en/DOM/event-14.html]
[developer.mozilla.org/en/DOM/event-15.html]
[developer.mozilla.org/en/DOM/event-16.html]
[developer.mozilla.org/en/DOM/event-17.html]
[developer.mozilla.org/en/DOM/event-18.html]
[developer.mozilla.org/en/DOM/event-19.html]
[developer.mozilla.org/en/DOM/event-20.html]
[developer.mozilla.org/en/DOM/event-21.html]
[developer.mozilla.org/en/DOM/event-22.html]
[developer.mozilla.org/en/DOM/event-23.html]
[developer.mozilla.org/en/DOM/event-24.html]
[developer.mozilla.org/en/DOM/event-25.html]
[developer.mozilla.org/en/DOM/event-26.html]
[developer.mozilla.org/en/DOM/event-27.html]
[developer.mozilla.org/en/DOM/event-28.html]
[developer.mozilla.org/en/DOM/event-29.html]
[developer.mozilla.org/en/DOM/event-30.html]
[developer.mozilla.org/en/DOM/event-31.html]
[developer.mozilla.org/en/DOM/event-32.html]
[developer.mozilla.org/en/DOM/event-33.html]
[developer.mozilla.org/en/DOM/event-34.html]
[developer.mozilla.org/en/DOM/event-35.html]
[developer.mozilla.org/en/DOM/event-36.html]
[developer.mozilla.org/en/DOM/event-37.html]
[developer.mozilla.org/en/DOM/event-38.html]
[developer.mozilla.org/en/DOM/event.html]
[developer.mozilla.org/en/DOM/Event/UIEvent.html]
[developer.mozilla.org/En/DOM/Mouse_gesture_events.html]
[developer.mozilla.org/en/DOM/Event/UIEvent/KeyEvent.html]
[developer.mozilla.org/en/DOM/Event/UIEvent/MouseEvent.html]
[developer.mozilla.org/en/DOM/Selection/getRangeAt.html]
[developer.mozilla.org/en/DOM/range-2.html]
[developer.mozilla.org/en/DOM/range-3.html]
[developer.mozilla.org/en/DOM/range-4.html]
[developer.mozilla.org/en/DOM/range-5.html]
[developer.mozilla.org/en/DOM/range-6.html]
[developer.mozilla.org/en/DOM/range-7.html]
[developer.mozilla.org/en/DOM/range-8.html]
[developer.mozilla.org/en/DOM/range-9.html]
[developer.mozilla.org/en/DOM/range-10.html]
[developer.mozilla.org/en/DOM/range-11.html]
[developer.mozilla.org/en/DOM/range-12.html]
[developer.mozilla.org/en/DOM/range-13.html]
[developer.mozilla.org/en/DOM/range-14.html]
[developer.mozilla.org/en/DOM/range-15.html]
[developer.mozilla.org/en/DOM/range-16.html]
[developer.mozilla.org/en/DOM/range-17.html]
[developer.mozilla.org/en/DOM/range-18.html]
[developer.mozilla.org/en/DOM/range-19.html]
[developer.mozilla.org/en/DOM/range-20.html]
[developer.mozilla.org/en/DOM/range-21.html]
[developer.mozilla.org/en/DOM/range-22.html]
[developer.mozilla.org/en/DOM/range-23.html]
[developer.mozilla.org/en/DOM/range-24.html]
[developer.mozilla.org/en/DOM/range-25.html]
[developer.mozilla.org/en/DOM/range-26.html]
[developer.mozilla.org/en/DOM/range-27.html]
[developer.mozilla.org/en/DOM/range-28.html]
[developer.mozilla.org/en/DOM/range-29.html]
[developer.mozilla.org/en/DOM/range-30.html]
[developer.mozilla.org/en/DOM/range-31.html]
[developer.mozilla.org/en/DOM/range.html]
[developer.mozilla.org/en/DOM/range-32.html]
[developer.mozilla.org/en/DOM/window-8.html]
[developer.mozilla.org/en/DOM/textarea.html]
[developer.mozilla.org/en/DOM/Selection/toString.html]
[developer.mozilla.org/en/DOM/Selection/anchorNode.html]
[developer.mozilla.org/en/DOM/Selection/anchorOffset.html]
[developer.mozilla.org/en/DOM/Selection/focusNode.html]
[developer.mozilla.org/en/DOM/Selection/focusOffset.html]
[developer.mozilla.org/en/DOM/Selection/isCollapsed.html]
[developer.mozilla.org/en/DOM/Selection/rangeCount.html]
[developer.mozilla.org/en/DOM/Selection/collapse.html]
[developer.mozilla.org/en/DOM/Selection/extend.html]
[developer.mozilla.org/en/DOM/Selection/modify.html]
[developer.mozilla.org/en/DOM/Selection/collapseToStart.html]
[developer.mozilla.org/en/DOM/Selection/collapseToEnd.html]
[developer.mozilla.org/en/DOM/Selection/selectAllChildren.html]
[developer.mozilla.org/en/DOM/Selection/addRange.html]
[developer.mozilla.org/en/DOM/Selection/removeRange.html]
[developer.mozilla.org/en/DOM/Selection/removeAllRanges.html]
[developer.mozilla.org/en/DOM/Selection/deleteFromDocument.html]
[developer.mozilla.org/en/DOM/Selection.html]
[developer.mozilla.org/en/DOM/Selection/containsNode.html]
[developer.mozilla.org/en/DOM/Using_dynamic_styling_information.html]
[developer.mozilla.org/en/DOM/style.html]
[developer.mozilla.org/en/DOM/style-2.html]
[developer.mozilla.org/en/DOM/stylesheet.html]
[developer.mozilla.org/en/DOM/cssRule.html]
[developer.mozilla.org/en/DOM/HTMLStyleElement.html]
[developer.mozilla.org/en/DOM/CSS.html]
[developer.mozilla.org/en/DOM/window-9.html]
[developer.mozilla.org/en/DOM/window-10.html]
[developer.mozilla.org/en/DOM/window-11.html]
[developer.mozilla.org/en/DOM/window-12.html]
[developer.mozilla.org/en/DOM/window-13.html]
[developer.mozilla.org/en/DOM/window-14.html]
[developer.mozilla.org/en/DOM/window-15.html]
[developer.mozilla.org/en/DOM/window-16.html]
[developer.mozilla.org/en/DOM/window-17.html]
[developer.mozilla.org/en/DOM/window-18.html]
[developer.mozilla.org/en/DOM/window-19.html]
[developer.mozilla.org/en/DOM/Storage.html]
[developer.mozilla.org/en/DOM/window-20.html]
[developer.mozilla.org/en/DOM/window-21.html]
[developer.mozilla.org/en/DOM/window-22.html]
[developer.mozilla.org/en/DOM/window-23.html]
[developer.mozilla.org/en/DOM/window-24.html]
[developer.mozilla.org/en/DOM/window-25.html]
[developer.mozilla.org/en/DOM/window-26.html]
[developer.mozilla.org/en/DOM/window-27.html]
[developer.mozilla.org/en/DOM/window-28.html]
[developer.mozilla.org/en/DOM/window-29.html]
[developer.mozilla.org/en/DOM/window-30.html]
[developer.mozilla.org/en/DOM/window-31.html]
[developer.mozilla.org/en/DOM/window-32.html]
[developer.mozilla.org/en/DOM/window-33.html]
[developer.mozilla.org/en/DOM/window-34.html]
[developer.mozilla.org/en/DOM/window-35.html]
[developer.mozilla.org/en/DOM/window-36.html]
[developer.mozilla.org/en/DOM/window-37.html]
[developer.mozilla.org/en/DOM/window-38.html]
[developer.mozilla.org/en/DOM/window-39.html]
[developer.mozilla.org/en/DOM/window-40.html]
[developer.mozilla.org/en/DOM/window-41.html]
[developer.mozilla.org/en/DOM/window.screen.html]
[developer.mozilla.org/en/DOM/window.screen-2.html]
[developer.mozilla.org/en/DOM/window.screen-3.html]
[developer.mozilla.org/en/DOM/window.screen-4.html]
[developer.mozilla.org/en/DOM/window.screen-5.html]
[developer.mozilla.org/en/DOM/window.screen-6.html]
[developer.mozilla.org/en/DOM/window.screen-7.html]
[developer.mozilla.org/en/DOM/window.screen-8.html]
[developer.mozilla.org/en/DOM/window.screen-9.html]
[developer.mozilla.org/en/DOM/window.screen-10.html]
[developer.mozilla.org/en/DOM/window-42.html]
[developer.mozilla.org/en/DOM/window-43.html]
[developer.mozilla.org/en/DOM/window-44.html]
[developer.mozilla.org/en/DOM/window-45.html]
[developer.mozilla.org/en/DOM/window-46.html]
[developer.mozilla.org/en/DOM/window-47.html]
[developer.mozilla.org/en/DOM/window-48.html]
[developer.mozilla.org/en/DOM/window-49.html]
[developer.mozilla.org/en/DOM/window-50.html]
[developer.mozilla.org/en/DOM/window-51.html]
[developer.mozilla.org/en/DOM/window-52.html]
[developer.mozilla.org/en/DOM/window-53.html]
[developer.mozilla.org/en/DOM/window.URL.html]
[developer.mozilla.org/en/DOM/window.URL-2.html]
[developer.mozilla.org/en/DOM/window-54.html]
[developer.mozilla.org/en/DOM/window-55.html]
[developer.mozilla.org/en/DOM/window-56.html]
[developer.mozilla.org/en/DOM/window-57.html]
[developer.mozilla.org/en/DOM/window-58.html]
[developer.mozilla.org/en/DOM/window-59.html]
[developer.mozilla.org/en/DOM/window-60.html]
[developer.mozilla.org/en/DOM/window-61.html]
[developer.mozilla.org/en/DOM/window-62.html]
[developer.mozilla.org/en/DOM/window-63.html]
[developer.mozilla.org/En/DOM/Window-64.html]
[developer.mozilla.org/en/DOM/window-65.html]
[developer.mozilla.org/en/DOM/window-66.html]
[developer.mozilla.org/en/DOM/window-67.html]
[developer.mozilla.org/en/DOM/window-68.html]
[developer.mozilla.org/En/DOM/Window-69.html]
[developer.mozilla.org/en/DOM/window-70.html]
[developer.mozilla.org/en/DOM/window-71.html]
[developer.mozilla.org/en/DOM/window-72.html]
[developer.mozilla.org/en/DOM/window-73.html]
[developer.mozilla.org/en/DOM/window-74.html]
[developer.mozilla.org/en/DOM/window-75.html]
[developer.mozilla.org/en/DOM/window-76.html]
[developer.mozilla.org/en/DOM/window-77.html]
[developer.mozilla.org/en/DOM/window-78.html]
[developer.mozilla.org/en/DOM/window-79.html]
[developer.mozilla.org/en/DOM/window-80.html]
[developer.mozilla.org/en/DOM/window-81.html]
[developer.mozilla.org/En/DOM/Window-82.html]
[developer.mozilla.org/en/DOM/window-83.html]
[developer.mozilla.org/en/DOM/window-84.html]
[developer.mozilla.org/en/DOM/window-85.html]
[developer.mozilla.org/En/DOM/Window-86.html]
[developer.mozilla.org/en/DOM/window-87.html]
[developer.mozilla.org/en/DOM/window-88.html]
[developer.mozilla.org/en/DOM/window-89.html]
[developer.mozilla.org/en/DOM/window-90.html]
[developer.mozilla.org/en/DOM/window-91.html]
[developer.mozilla.org/en/DOM/window-92.html]
[developer.mozilla.org/en/DOM/window-93.html]
[developer.mozilla.org/en/DOM/window-94.html]
[developer.mozilla.org/en/DOM/window-95.html]
[developer.mozilla.org/en/DOM/window-96.html]
[developer.mozilla.org/en/DOM/window-97.html]
[developer.mozilla.org/En/DOM/Window-98.html]
[developer.mozilla.org/en/DOM/window-99.html]
[developer.mozilla.org/en/DOM/window-100.html]
[developer.mozilla.org/en/DOM/window-101.html]
[developer.mozilla.org/en/DOM/window-102.html]
[developer.mozilla.org/en/DOM/window-103.html]
[developer.mozilla.org/en/DOM/window-104.html]
[developer.mozilla.org/en/DOM/window-105.html]
[developer.mozilla.org/en/DOM/window-106.html]
[developer.mozilla.org/en/DOM/window-107.html]
[developer.mozilla.org/en/DOM/window-108.html]
[developer.mozilla.org/en/DOM/window-109.html]
[developer.mozilla.org/en/DOM/window-110.html]
[developer.mozilla.org/en/DOM/window-111.html]
[developer.mozilla.org/en/DOM/window-112.html]
[developer.mozilla.org/en/DOM/window-113.html]
[developer.mozilla.org/en/DOM/window-114.html]
[developer.mozilla.org/en/DOM/window-115.html]
[developer.mozilla.org/en/DOM/window-116.html]
[developer.mozilla.org/en/DOM/window-117.html]
[developer.mozilla.org/en/DOM/window-118.html]
[developer.mozilla.org/en/DOM/window-119.html]
[developer.mozilla.org/en/DOM/window-120.html]
[developer.mozilla.org/en/DOM/window-121.html]
[developer.mozilla.org/en/DOM/window-122.html]
[developer.mozilla.org/en/DOM/window-123.html]
[developer.mozilla.org/en/DOM/window-124.html]
[developer.mozilla.org/en/DOM/window-125.html]
[developer.mozilla.org/en/DOM/window-126.html]
[developer.mozilla.org/en/DOM/window-127.html]
[developer.mozilla.org/en/DOM/window.html]
[developer.mozilla.org/En/DOM/Node-34.html]
[developer.mozilla.org/En/DOM/Attr.html]
[developer.mozilla.org/en/DOM/CDATASection.html]
[developer.mozilla.org/En/DOM/CharacterData.html]
[developer.mozilla.org/En/DOM/Comment.html]
[developer.mozilla.org/En/DOM/DocumentFragment.html]
[developer.mozilla.org/En/DOM/DocumentType.html]
[developer.mozilla.org/En/DOM/DOMConfiguration.html]
[developer.mozilla.org/En/DOM/DOMError.html]
[developer.mozilla.org/En/DOM/DOMErrorHandler.html]
[developer.mozilla.org/En/DOM/DOMException.html]
[developer.mozilla.org/En/DOM/DOMImplementation-2.html]
[developer.mozilla.org/En/DOM/DOMImplementation-3.html]
[developer.mozilla.org/En/DOM/DOMImplementation-4.html]
[developer.mozilla.org/En/DOM/DOMImplementation.html]
[developer.mozilla.org/En/DOM/DOMImplementationList.html]
[developer.mozilla.org/En/DOM/DOMImplementationRegistry.html]
[developer.mozilla.org/En/DOM/DOMImplementationSource.html]
[developer.mozilla.org/En/DOM/DOMLocator.html]
[developer.mozilla.org/En/DOM/DOMObject.html]
[developer.mozilla.org/En/DOM/DOMString.html]
[developer.mozilla.org/En/DOM/DOMStringList.html]
[developer.mozilla.org/en/DOM/DOMTimeStamp.html]
[developer.mozilla.org/En/DOM/Event-39.html]
[developer.mozilla.org/En/DOM/DOMUserData.html]
[developer.mozilla.org/En/DOM/Entity.html]
[developer.mozilla.org/En/DOM/EntityReference.html]
[developer.mozilla.org/En/DOM/NameList.html]
[developer.mozilla.org/En/DOM/NamedNodeMap.html]
[developer.mozilla.org/En/DOM/Document-86.html]
[developer.mozilla.org/En/DOM/CDATASection-2.html]
[developer.mozilla.org/En/DOM/ProcessingInstruction-2.html]
[developer.mozilla.org/en/DOM/Node.html]
[developer.mozilla.org/En/DOM/NodeList.html]
[developer.mozilla.org/En/DOM/Notation.html]
[developer.mozilla.org/en/DOM/DOMString-2.html]
[developer.mozilla.org/en/DOM/Plugin.html]
[developer.mozilla.org/en/DOM/PluginArray.html]
[developer.mozilla.org/en/DOM/ProcessingInstruction.html]
[developer.mozilla.org/En/DOM/SharedWorker.html]
[developer.mozilla.org/En/DOM/Text-2.html]
[developer.mozilla.org/En/DOM/Text-3.html]
[developer.mozilla.org/En/DOM/Text-4.html]
[developer.mozilla.org/En/DOM/Text.html]
[developer.mozilla.org/En/DOM/Text-5.html]
[developer.mozilla.org/en/DOM/TimeRanges-2.html]
[developer.mozilla.org/en/DOM/TimeRanges-3.html]
[developer.mozilla.org/en/DOM/TimeRanges.html]
[developer.mozilla.org/en/DOM/TimeRanges-4.html]
[developer.mozilla.org/En/DOM/TypeInfo.html]
[developer.mozilla.org/En/DOM/UserDataHandler.html]
[developer.mozilla.org/En/DOM/ChromeWorker.html]
[developer.mozilla.org/En/DOM/Worker.html]
[developer.mozilla.org/en/DOM/HTMLDocument.html]
[developer.mozilla.org/en/DOM/Element-82.html]
[developer.mozilla.org/en/DOM/Element-83.html]
[developer.mozilla.org/en/DOM/Element-84.html]
[developer.mozilla.org/en/DOM/Element-85.html]
[developer.mozilla.org/en/DOM/Element-86.html]
[developer.mozilla.org/en/DOM/Html.html]
[developer.mozilla.org/en/DOM/Link.html]
[developer.mozilla.org/en/DOM/Base.html]
[developer.mozilla.org/en/DOM/form.html]
[developer.mozilla.org/en/DOM/select.html]
[developer.mozilla.org/en/DOM/Input.html]
[developer.mozilla.org/En/DOM/Label.html]
[developer.mozilla.org/en/DOM/Image.html]
[developer.mozilla.org/en/DOM/table.html]
[developer.mozilla.org/en/DOM/HTMLElement.html]
[developer.mozilla.org/en/DOM/HTMLAnchorElement.html]
[developer.mozilla.org/en/DOM/tableRow.html]
[developer.mozilla.org/en/DOM/HTMLAudioElement.html]
[developer.mozilla.org/en/DOM/HTMLAreaElement.html]
[developer.mozilla.org/en/DOM/HTMLBaseElement.html]
[developer.mozilla.org/en/DOM/HTMLBodyElement.html]
[developer.mozilla.org/en/DOM/HTMLBRElement.html]
[developer.mozilla.org/en/DOM/HTMLButtonElement.html]
[developer.mozilla.org/en/DOM/HTMLMediaElement.html]
[developer.mozilla.org/deki/scripts/res/syntax/SyntaxHighlighter.css]
[developer.mozilla.org/deki/scripts/res/syntax/shCore.js]
[developer.mozilla.org/deki/scripts/res/syntax/shBrushJScript.js]
[developer.mozilla.org/en/DOM/HTMLCanvasElement.html]
[developer.mozilla.org/en/DOM/HTMLDivElement.html]
[developer.mozilla.org/en/DOM/HTMLDListElement.html]
[developer.mozilla.org/en/DOM/HTMLEmbedElement.html]
[developer.mozilla.org/en/DOM/File.html]
[developer.mozilla.org/en/DOM/HTMLFieldSetElement.html]
[developer.mozilla.org/en/DOM/ValidityState_Interface.html]
[developer.mozilla.org/en/DOM/form-2.html]
[developer.mozilla.org/en/DOM/form-3.html]
[developer.mozilla.org/en/DOM/form-4.html]
[developer.mozilla.org/en/DOM/form-5.html]
[developer.mozilla.org/en/DOM/form-6.html]
[developer.mozilla.org/en/DOM/form-7.html]
[developer.mozilla.org/en/DOM/form-8.html]
[developer.mozilla.org/en/DOM/form-9.html]
[developer.mozilla.org/en/DOM/form-10.html]
[developer.mozilla.org/en/DOM/form-11.html]
[developer.mozilla.org/en/DOM/HTMLFormElement.html]
[developer.mozilla.org/en/DOM/HTMLHeadElement.html]
[developer.mozilla.org/en/DOM/HTMLHeadingElement.html]
[developer.mozilla.org/en/DOM/HTMLHtmlElement.html]
[developer.mozilla.org/en/DOM/HTMLHRElement.html]
[developer.mozilla.org/en/DOM/form-12.html]
[developer.mozilla.org/en/DOM/HTMLIFrameElement.html]
[developer.mozilla.org/en/DOM/HTMLImageElement.html]
[developer.mozilla.org/en/DOM/FileList.html]
[developer.mozilla.org/en/DOM/ValidityState.html]
[developer.mozilla.org/en/DOM/Input-2.html]
[developer.mozilla.org/en/DOM/Input-3.html]
[developer.mozilla.org/en/DOM/Input-4.html]
[developer.mozilla.org/en/DOM/HTMLInputElement.html]
[developer.mozilla.org/en/DOM/HTMLKeygenElement.html]
[developer.mozilla.org/en/DOM/HTMLLabelElement.html]
[developer.mozilla.org/en/DOM/Input-5.html]
[developer.mozilla.org/en/DOM/HTMLLinkElement.html]
[developer.mozilla.org/en/DOM/HTMLMetaElement.html]
[developer.mozilla.org/en/DOM/HTMLModElement.html]
[developer.mozilla.org/en/DOM/HTMLObjectElement.html]
[developer.mozilla.org/En/DOM/HTMLOptionElement.html]
[developer.mozilla.org/en/DOM/HTMLOutputElement.html]
[developer.mozilla.org/en/DOM/HTMLQuoteElement.html]
[developer.mozilla.org/en/DOM/HTMLOptionElement-2.html]
[developer.mozilla.org/en/DOM/HTMLSelectElement.html]
[developer.mozilla.org/en/DOM/HTMLSourceElement.html]
[developer.mozilla.org/en/DOM/select-2.html]
[developer.mozilla.org/en/DOM/table-2.html]
[developer.mozilla.org/en/DOM/table-3.html]
[developer.mozilla.org/en/DOM/table-4.html]
[developer.mozilla.org/en/DOM/table-5.html]
[developer.mozilla.org/en/DOM/table-6.html]
[developer.mozilla.org/en/DOM/table-7.html]
[developer.mozilla.org/en/DOM/table-8.html]
[developer.mozilla.org/en/DOM/table-9.html]
[developer.mozilla.org/en/DOM/table-10.html]
[developer.mozilla.org/en/DOM/table-11.html]
[developer.mozilla.org/en/DOM/table-12.html]
[developer.mozilla.org/en/DOM/table-13.html]
[developer.mozilla.org/en/DOM/table-14.html]
[developer.mozilla.org/en/DOM/table-15.html]
[developer.mozilla.org/en/DOM/table-16.html]
[developer.mozilla.org/en/DOM/table-17.html]
[developer.mozilla.org/en/DOM/table-18.html]
[developer.mozilla.org/en/DOM/table-19.html]
[developer.mozilla.org/en/DOM/table-20.html]
[developer.mozilla.org/en/DOM/table-21.html]
[developer.mozilla.org/en/DOM/table-22.html]
[developer.mozilla.org/en/DOM/HTMLTableElement.html]
[developer.mozilla.org/en/DOM/HTMLTableCaptionElement.html]
[developer.mozilla.org/en/DOM/HTMLTableColElement.html]
[developer.mozilla.org/en/DOM/table-23.html]
[developer.mozilla.org/En/DOM/HTMLCollection-2.html]
[developer.mozilla.org/en/DOM/HTMLTableRowElement.html]
[developer.mozilla.org/en/DOM/tableRow-2.html]
[developer.mozilla.org/en/DOM/HTMLTextAreaElement.html]
[developer.mozilla.org/en/DOM/HTMLTitleElement.html]
[developer.mozilla.org/en/DOM/HTMLVideoElement.html]
[developer.mozilla.org/en/DOM/CanvasRenderingContext2D.html]
[developer.mozilla.org/en/DOM/CanvasGradient.html]
[developer.mozilla.org/en/DOM/CanvasPattern.html]
[developer.mozilla.org/en/DOM/TextMetrics.html]
[developer.mozilla.org/en/DOM/ImageData.html]
[developer.mozilla.org/en/DOM/CanvasPixelArray.html]
[developer.mozilla.org/skins/common/icons/icon-trans.gif]
[developer.mozilla.org/en/DOM/NotifyAudioAvailableEvent.html]
[developer.mozilla.org/en/DOM/HTMLCollection.html]
[developer.mozilla.org/en/DOM/HTMLFormControlsCollection.html]
[developer.mozilla.org/en/DOM/HTMLOptionsCollection.html]
[developer.mozilla.org/En/DOM/select-3.html]
[developer.mozilla.org/en/DOM/DOMTokenList.html]
[developer.mozilla.org/en/Gecko_DOM_Reference/Examples.html]
[developer.mozilla.org/skins/mdn/Transitional/js/jquery.hoverIntent.minified.js]
[developer.mozilla.org/skins/mdn/Transitional/js/superfish.js]
[developer.mozilla.org/skins/mdn/Transitional/js/javascript.js]
[developer.mozilla.org/skins/mdn/Transitional/js/gsearch.js]
[developer.mozilla.org/skins/mdn/Transitional/js/webtrends.js]
[developer.mozilla.org/skins/common/images/icons/aifc-16.html]
[developer.mozilla.org/skins/common/images/icons/mpeg-16.html]
[developer.mozilla.org/skins/common/images/icons/smd-16.html]
[developer.mozilla.org/skins/common/images/icons/tiff-16.html]
[developer.mozilla.org/skins/mdn/Transitional/fonts/League_Gothic-webfont.svg]
[developer.mozilla.org/skins/mdn/Transitional/img/bg-sidebar.html]
[developer.mozilla.org/skins/mdn/Transitional/img/icons-sections.html]
[developer.mozilla.org/skins/mdn/Transitional/img/tip-bg.html]
[developer.mozilla.org/skins/mdn/Transitional/img/icons/comment_edit.html]
[developer.mozilla.org/skins/mdn/Transitional/img/icons/comment_delete.html]
[developer.mozilla.org/skins/mdn/_edcontent.css]
[developer.mozilla.org/skins/mdn/img/tip-bg.html]
[developer.mozilla.org/skins/mdn/Transitional/Transitional/img/bullet.html]
[developer.mozilla.org/skins/mdn/Transitional/Transitional/img/bullet-sub.html]
[developer.mozilla.org/skins/common/img/toc-bg.html]
[developer.mozilla.org/en/DOM/window-2.html]
[developer.mozilla.org/en/DOM/element-87.html]
[developer.mozilla.org/en/DOM/window-3.html]
[developer.mozilla.org/_api/deki/files/30/=AlertHelloWorld.png]
[developer.mozilla.org/en/DOM/document-2.html]
[developer.mozilla.org/en/DOM/element-2.html]
[developer.mozilla.org/en/DOM/document-3.html]
[developer.mozilla.org/En/DOM/Node-2.html]
[developer.mozilla.org/en/DOM/element-3.html]
[developer.mozilla.org/en/DOM/element-4.html]
[developer.mozilla.org/en/DOM/element-5.html]
[developer.mozilla.org/en/DOM/element-6.html]
[developer.mozilla.org/en/DOM/element-7.html]
[developer.mozilla.org/en/DOM/window-4.html]
[developer.mozilla.org/en/DOM/window-5.html]
[developer.mozilla.org/en/DOM/window-6.html]
[developer.mozilla.org/en/DOM/window-7.html]
[developer.mozilla.org/en/DOM/document-4.html]
[developer.mozilla.org/en/DOM/document-5.html]
[developer.mozilla.org/en/DOM/document-6.html]
[developer.mozilla.org/en/DOM/document-7.html]
[developer.mozilla.org/en/DOM/document-8.html]
[developer.mozilla.org/en/DOM/document-9.html]
[developer.mozilla.org/en/DOM/document-10.html]
[developer.mozilla.org/En/DOM/Node-3.html]
[developer.mozilla.org/en/DOM/document-11.html]
[developer.mozilla.org/en/DOM/document-12.html]
[developer.mozilla.org/en/DOM/document-13.html]
[developer.mozilla.org/en/DOM/document-14.html]
[developer.mozilla.org/En/DOM/Node-4.html]
[developer.mozilla.org/en/DOM/document-15.html]
[developer.mozilla.org/en/DOM/document-16.html]
[developer.mozilla.org/en/DOM/document-17.html]
[developer.mozilla.org/en/DOM/document-18.html]
[developer.mozilla.org/en/DOM/document-19.html]
[developer.mozilla.org/deki/scripts/res/syntax/shBrushXml.js]
[developer.mozilla.org/En/DOM/Document-20.html]
[developer.mozilla.org/en/DOM/document-21.html]
[developer.mozilla.org/en/DOM/document-22.html]
[developer.mozilla.org/en/DOM/document-23.html]
[developer.mozilla.org/en/DOM/document-24.html]
[developer.mozilla.org/en/DOM/document-25.html]
[developer.mozilla.org/En/DOM/Document-26.html]
[developer.mozilla.org/en/DOM/document-27.html]
[developer.mozilla.org/en/DOM/document-28.html]
[developer.mozilla.org/En/DOM/Node-5.html]
[developer.mozilla.org/en/DOM/document-29.html]
[developer.mozilla.org/en/DOM/document-30.html]
[developer.mozilla.org/en/DOM/document-31.html]
[developer.mozilla.org/en/DOM/document-32.html]
[developer.mozilla.org/en/DOM/document-33.html]
[developer.mozilla.org/En/DOM/Node-6.html]
[developer.mozilla.org/en/DOM/document-34.html]
[developer.mozilla.org/en/DOM/document-35.html]
[developer.mozilla.org/en/DOM/document-36.html]
[developer.mozilla.org/En/DOM/Node-7.html]
[developer.mozilla.org/en/DOM/document-37.html]
[developer.mozilla.org/En/DOM/Node-8.html]
[developer.mozilla.org/en/DOM/element-88.html]
[developer.mozilla.org/En/DOM/Node-9.html]
[developer.mozilla.org/en/DOM/element-89.html]
[developer.mozilla.org/En/DOM/Node-10.html]
[developer.mozilla.org/En/DOM/Node-11.html]
[developer.mozilla.org/En/DOM/Node-12.html]
[developer.mozilla.org/En/DOM/Node-13.html]
[developer.mozilla.org/En/DOM/Node-14.html]
[developer.mozilla.org/En/DOM/Node-15.html]
[developer.mozilla.org/en/DOM/element-90.html]
[developer.mozilla.org/en/DOM/document-38.html]
[developer.mozilla.org/en/DOM/document-39.html]
[developer.mozilla.org/En/DOM/Node-16.html]
[developer.mozilla.org/en/DOM/window.navigator.html]
[developer.mozilla.org/En/DOM/Node-17.html]
[developer.mozilla.org/en/DOM/element-8.html]
[developer.mozilla.org/en/DOM/document-40.html]
[developer.mozilla.org/en/DOM/document-41.html]
[developer.mozilla.org/en/DOM/document-42.html]
[developer.mozilla.org/En/DOM/Node-18.html]
[developer.mozilla.org/en/DOM/document-43.html]
[developer.mozilla.org/en/DOM/document-44.html]
[developer.mozilla.org/en/DOM/document-45.html]
[developer.mozilla.org/en/DOM/document-46.html]
[developer.mozilla.org/en/DOM/document-47.html]
[developer.mozilla.org/En/DOM/Document-48.html]
[developer.mozilla.org/en/DOM/document-49.html]
[developer.mozilla.org/en/DOM/element-91.html]
[developer.mozilla.org/en/DOM/document-50.html]
[developer.mozilla.org/en/DOM/document-51.html]
[developer.mozilla.org/En/DOM/Node-19.html]
[developer.mozilla.org/en/DOM/document-52.html]
[developer.mozilla.org/En/DOM/Node-20.html]
[developer.mozilla.org/en/DOM/document-53.html]
[developer.mozilla.org/en/DOM/document-54.html]
[developer.mozilla.org/en/DOM/document-55.html]
[developer.mozilla.org/en/DOM/document-56.html]
[developer.mozilla.org/en/DOM/element-92.html]
[developer.mozilla.org/en/DOM/element-93.html]
[developer.mozilla.org/en/DOM/document-57.html]
[developer.mozilla.org/en/DOM/document-58.html]
[developer.mozilla.org/en/DOM/element-94.html]
[developer.mozilla.org/en/DOM/document-59.html]
[developer.mozilla.org/en/DOM/document-60.html]
[developer.mozilla.org/en/DOM/document-61.html]
[developer.mozilla.org/en/DOM/document-62.html]
[developer.mozilla.org/en/DOM/document-63.html]
[developer.mozilla.org/en/DOM/document-64.html]
[developer.mozilla.org/en/DOM/document-65.html]
[developer.mozilla.org/en/DOM/treeWalker-2.html]
[developer.mozilla.org/en/DOM/treeWalker-3.html]
[developer.mozilla.org/en/DOM/treeWalker-4.html]
[developer.mozilla.org/en/DOM/treeWalker.html]
[developer.mozilla.org/en/DOM/document-66.html]
[developer.mozilla.org/en/DOM/document-67.html]
[developer.mozilla.org/en/DOM/document-68.html]
[developer.mozilla.org/en/DOM/document-69.html]
[developer.mozilla.org/en/DOM/document-70.html]
[developer.mozilla.org/en/DOM/document-71.html]
[developer.mozilla.org/en/DOM/NodeList-2.html]
[developer.mozilla.org/en/DOM/document-72.html]
[developer.mozilla.org/En/DOM/Node-21.html]
[developer.mozilla.org/En/DOM/Node-22.html]
[developer.mozilla.org/En/DOM/Node-23.html]
[developer.mozilla.org/en/DOM/document-73.html]
[developer.mozilla.org/en/DOM/document-74.html]
[developer.mozilla.org/En/DOM/Node-24.html]
[developer.mozilla.org/En/DOM/Node-25.html]
[developer.mozilla.org/En/DOM/Node-26.html]
[developer.mozilla.org/en/DOM/document-75.html]
[developer.mozilla.org/En/DOM/Node-27.html]
[developer.mozilla.org/En/DOM/Node-28.html]
[developer.mozilla.org/En/DOM/Node-29.html]
[developer.mozilla.org/en/DOM/document-76.html]
[developer.mozilla.org/En/DOM/Document-77.html]
[developer.mozilla.org/En/DOM/Document-78.html]
[developer.mozilla.org/en/DOM/document-79.html]
[developer.mozilla.org/En/DOM/Node-30.html]
[developer.mozilla.org/En/DOM/Node-31.html]
[developer.mozilla.org/en/DOM/document-80.html]
[developer.mozilla.org/En/DOM/Node-32.html]
[developer.mozilla.org/en/DOM/document-81.html]
[developer.mozilla.org/en/DOM/document-82.html]
[developer.mozilla.org/en/DOM/document-83.html]
[developer.mozilla.org/en/DOM/document-84.html]
[developer.mozilla.org/en/DOM/document-85.html]
[developer.mozilla.org/En/DOM/HTMLBodyElement-2.html]
[developer.mozilla.org/en/DOM/HTMLTextareaElement-2.html]
[developer.mozilla.org/En/DOM/HTMLButtonElement-2.html]
[developer.mozilla.org/En/DOM/HTMLFieldSetElement-2.html]
[www.davidflanagan.com/javascript5/displayec11.html]
[developer.mozilla.org/En/DOM/HTMLLegendElement.html]
[developer.mozilla.org/en/DOM/element-9.html]
[developer.mozilla.org/En/DOM/Element-10.html]
[developer.mozilla.org/En/DOM/Element-11.html]
[developer.mozilla.org/en/DOM/element-12.html]
[developer.mozilla.org/en/DOM/element-13.html]
[developer.mozilla.org/en/DOM/HTMLLegendElement-2.html]
[developer.mozilla.org/_api/deki/files/44/=BirmanCat.jpg]
[developer.mozilla.org/en/DOM/element-14.html]
[developer.mozilla.org/_api/deki/files/608/=ClientHeight.png]
[developer.mozilla.org/_api/deki/files/610/=ClientLeft.png]
[developer.mozilla.org/en/DOM/element-15.html]
[developer.mozilla.org/_api/deki/files/611/=ClientLeftRtl.png]
[developer.mozilla.org/en/DOM/element-16.html]
[developer.mozilla.org/_api/deki/files/612/=ClientTop.png]
[developer.mozilla.org/en/DOM/element-17.html]
[developer.mozilla.org/_api/deki/files/613/=ClientWidth.png]
[developer.mozilla.org/en/DOM/Element-18.html]
[developer.mozilla.org/en/DOM/element-95.html]
[developer.mozilla.org/en/DOM/element-19.html]
[developer.mozilla.org/En/DOM/Element-20.html]
[developer.mozilla.org/en/DOM/element-21.html]
[developer.mozilla.org/en/DOM/Element-22.html]
[developer.mozilla.org/en/DOM/element-23.html]
[developer.mozilla.org/En/DOM/Element-24.html]
[developer.mozilla.org/en/DOM/element-25.html]
[developer.mozilla.org/En/DOM/Element-26.html]
[developer.mozilla.org/en/DOM/element-96.html]
[developer.mozilla.org/en/DOM/element-27.html]
[developer.mozilla.org/_api/deki/files/788/=OffsetHeight.png]
[developer.mozilla.org/en/DOM/element-28.html]
[developer.mozilla.org/en/DOM/element-29.html]
[developer.mozilla.org/en/DOM/element-30.html]
[developer.mozilla.org/_api/deki/files/790/=OffsetLeft.jpg]
[developer.mozilla.org/en/DOM/element-31.html]
[developer.mozilla.org/En/DOM/Element-32.html]
[developer.mozilla.org/_api/deki/files/791/=OffsetWidth.png]
[developer.mozilla.org/en/DOM/element-33.html]
[developer.mozilla.org/en/DOM/element-34.html]
[developer.mozilla.org/_api/deki/files/840/=ScrollHeight.png]
[developer.mozilla.org/en/DOM/element-35.html]
[developer.mozilla.org/en/DOM/element-36.html]
[developer.mozilla.org/_api/deki/files/842/=ScrollTop.png]
[developer.mozilla.org/en/DOM/CSSStyleDeclaration.html]
[developer.mozilla.org/en/DOM/element-37.html]
[developer.mozilla.org/en/DOM/element-38.html]
[developer.mozilla.org/en/DOM/element-39.html]
[developer.mozilla.org/en/DOM/element-40.html]
[developer.mozilla.org/en/DOM/element-41.html]
[developer.mozilla.org/en/DOM/element-42.html]
[developer.mozilla.org/en/DOM/element-43.html]
[developer.mozilla.org/en/DOM/element-44.html]
[developer.mozilla.org/en/DOM/element-45.html]
[developer.mozilla.org/en/DOM/element-46.html]
[developer.mozilla.org/en/DOM/element-47.html]
[developer.mozilla.org/en/DOM/cssRule-2.html]
[developer.mozilla.org/_api/deki/files/4664/=paragraph-rects.png]
[developer.mozilla.org/_api/deki/files/4667/=li-rects.png]
[developer.mozilla.org/_api/deki/files/4665/=table-rects.png]
[developer.mozilla.org/_api/deki/files/4696/=inline-with-block-child.png]
[developer.mozilla.org/_api/deki/files/4696/=inline-with-block-child7902.png]
[developer.mozilla.org/_api/deki/files/4696/=inline-with-block-childb89b.png]
[developer.mozilla.org/_api/deki/files/4667/=li-rects7902.png]
[developer.mozilla.org/_api/deki/files/4667/=li-rectsb89b.png]
[developer.mozilla.org/_api/deki/files/4664/=paragraph-rects7902.png]
[developer.mozilla.org/_api/deki/files/4664/=paragraph-rectsb89b.png]
[developer.mozilla.org/_api/deki/files/4665/=table-rects7902.png]
[developer.mozilla.org/en/DOM/element-48.html]
[developer.mozilla.org/_api/deki/files/4665/=table-rectsb89b.png]
[developer.mozilla.org/En/DOM/Element-49.html]
[developer.mozilla.org/en/DOM/element-50.html]
[developer.mozilla.org/en/DOM/element-51.html]
[developer.mozilla.org/en/DOM/element-52.html]
[developer.mozilla.org/en/DOM/Node-33.html]
[developer.mozilla.org/En/DOM/Element-53.html]
[developer.mozilla.org/En/DOM/document-87.html]
[developer.mozilla.org/En/DOM/Element-54.html]
[developer.mozilla.org/en/DOM/element-55.html]
[developer.mozilla.org/en/DOM/element-56.html]
[developer.mozilla.org/en/DOM/element-57.html]
[developer.mozilla.org/en/DOM/element-58.html]
[developer.mozilla.org/en/DOM/element-59.html]
[developer.mozilla.org/en/DOM/element-60.html]
[developer.mozilla.org/en/DOM/element-61.html]
[developer.mozilla.org/en/DOM/element-62.html]
[developer.mozilla.org/en/DOM/element-63.html]
[developer.mozilla.org/en/DOM/element-64.html]
[developer.mozilla.org/en/DOM/element-65.html]
[developer.mozilla.org/en/DOM/element-66.html]
[developer.mozilla.org/en/DOM/element-67.html]
[developer.mozilla.org/en/DOM/element-68.html]
[developer.mozilla.org/en/DOM/element-69.html]
[developer.mozilla.org/en/DOM/element-70.html]
[developer.mozilla.org/en/DOM/element-71.html]
[developer.mozilla.org/en/DOM/element-72.html]
[developer.mozilla.org/en/DOM/element-73.html]
[developer.mozilla.org/en/DOM/element-74.html]
[developer.mozilla.org/en/DOM/element-75.html]
[developer.mozilla.org/en/DOM/element-76.html]
[developer.mozilla.org/en/DOM/element-77.html]
[developer.mozilla.org/en/DOM/element-78.html]
[developer.mozilla.org/en/DOM/element-79.html]
[developer.mozilla.org/en/DOM/element-80.html]
[developer.mozilla.org/en/DOM/element-81.html]
[developer.mozilla.org/en/DOM/event-2.html]
[developer.mozilla.org/en/DOM/event-3.html]
[developer.mozilla.org/en/DOM/event-4.html]
[developer.mozilla.org/en/DOM/event-5.html]
[developer.mozilla.org/en/DOM/event-6.html]
[developer.mozilla.org/En/DOM/element-97.html]
[developer.mozilla.org/en/DOM/event-7.html]
[developer.mozilla.org/en/DOM/event-8.html]
[developer.mozilla.org/en/DOM/event-9.html]
[developer.mozilla.org/en/DOM/event-10.html]
[developer.mozilla.org/en/DOM/event/Comparison_of_Event_Targets.html]
[developer.mozilla.org/en/DOM/event-11.html]
[developer.mozilla.org/en/DOM/event-12.html]
[developer.mozilla.org/en/DOM/event-13.html]
[developer.mozilla.org/en/DOM/EventTarget.html]
[developer.mozilla.org/en/DOM/event-14.html]
[developer.mozilla.org/en/DOM/event-15.html]
[developer.mozilla.org/en/DOM/event-16.html]
[developer.mozilla.org/en/DOM/event-17.html]
[developer.mozilla.org/en/DOM/event-18.html]
[developer.mozilla.org/en/DOM/event-19.html]
[developer.mozilla.org/en/DOM/event-20.html]
[developer.mozilla.org/en/DOM/event-21.html]
[developer.mozilla.org/en/DOM/event-22.html]
[developer.mozilla.org/en/DOM/event-23.html]
[developer.mozilla.org/en/DOM/event-24.html]
[developer.mozilla.org/en/DOM/event-25.html]
[developer.mozilla.org/en/DOM/event-26.html]
[developer.mozilla.org/en/DOM/event-27.html]
[developer.mozilla.org/en/DOM/event-28.html]
[developer.mozilla.org/en/DOM/event-29.html]
[developer.mozilla.org/en/DOM/event-30.html]
[developer.mozilla.org/en/DOM/event-31.html]
[developer.mozilla.org/en/DOM/event-32.html]
[developer.mozilla.org/en/DOM/event-33.html]
[developer.mozilla.org/en/DOM/event-34.html]
[developer.mozilla.org/en/DOM/event-35.html]
[developer.mozilla.org/en/DOM/event-36.html]
[developer.mozilla.org/en/DOM/event-37.html]
[developer.mozilla.org/en/DOM/event-38.html]
[developer.mozilla.org/En/DOM/Mouse_gesture_events.html]
[developer.mozilla.org/en/DOM/Selection/getRangeAt.html]
[developer.mozilla.org/en/DOM/range-2.html]
[developer.mozilla.org/en/DOM/range-3.html]
[developer.mozilla.org/en/DOM/range-4.html]
[developer.mozilla.org/en/DOM/range-5.html]
[developer.mozilla.org/en/DOM/range-6.html]
[developer.mozilla.org/en/DOM/range-7.html]
[developer.mozilla.org/en/DOM/range-8.html]
[developer.mozilla.org/en/DOM/range-9.html]
[developer.mozilla.org/en/DOM/range-10.html]
[developer.mozilla.org/en/DOM/range-11.html]
[developer.mozilla.org/en/DOM/range-12.html]
[developer.mozilla.org/en/DOM/range-13.html]
[developer.mozilla.org/en/DOM/range-14.html]
[developer.mozilla.org/en/DOM/range-15.html]
[developer.mozilla.org/en/DOM/range-16.html]
[developer.mozilla.org/en/DOM/range-17.html]
[developer.mozilla.org/en/DOM/range-18.html]
[developer.mozilla.org/en/DOM/range-19.html]
[developer.mozilla.org/en/DOM/range-20.html]
[developer.mozilla.org/en/DOM/range-21.html]
[developer.mozilla.org/en/DOM/range-22.html]
[developer.mozilla.org/en/DOM/range-23.html]
[developer.mozilla.org/en/DOM/range-24.html]
[developer.mozilla.org/en/DOM/range-25.html]
[developer.mozilla.org/en/DOM/range-26.html]
[developer.mozilla.org/en/DOM/range-27.html]
[developer.mozilla.org/en/DOM/range-28.html]
[developer.mozilla.org/en/DOM/range-29.html]
[developer.mozilla.org/en/DOM/range-30.html]
[developer.mozilla.org/en/DOM/range-31.html]
[developer.mozilla.org/en/DOM/range-32.html]
[developer.mozilla.org/en/DOM/window-8.html]
[developer.mozilla.org/en/DOM/textarea.html]
[developer.mozilla.org/en/DOM/Selection/toString.html]
[developer.mozilla.org/en/DOM/Selection/anchorNode.html]
[developer.mozilla.org/en/DOM/Selection/anchorOffset.html]
[developer.mozilla.org/en/DOM/Selection/focusNode.html]
[developer.mozilla.org/en/DOM/Selection/focusOffset.html]
[developer.mozilla.org/en/DOM/Selection/isCollapsed.html]
[developer.mozilla.org/en/DOM/Selection/rangeCount.html]
[developer.mozilla.org/en/DOM/Selection/collapse.html]
[developer.mozilla.org/en/DOM/Selection/extend.html]
[developer.mozilla.org/en/DOM/Selection/modify.html]
[developer.mozilla.org/en/DOM/Selection/collapseToStart.html]
[developer.mozilla.org/en/DOM/Selection/collapseToEnd.html]
[developer.mozilla.org/en/DOM/Selection/selectAllChildren.html]
[developer.mozilla.org/en/DOM/Selection/addRange.html]
[developer.mozilla.org/en/DOM/Selection/removeRange.html]
[developer.mozilla.org/en/DOM/Selection/removeAllRanges.html]
[developer.mozilla.org/en/DOM/Selection/deleteFromDocument.html]
[developer.mozilla.org/en/DOM/Selection/containsNode.html]
[developer.mozilla.org/en/DOM/Using_dynamic_styling_information.html]
[developer.mozilla.org/en/DOM/style.html]
[developer.mozilla.org/en/DOM/style-2.html]
[developer.mozilla.org/en/DOM/AbstractView.html]
[developer.mozilla.org/en/DOM/stylesheet-2.html]
[developer.mozilla.org/en/DOM/stylesheet-3.html]
[developer.mozilla.org/en/DOM/stylesheet-4.html]
[developer.mozilla.org/en/DOM/stylesheet-5.html]
[developer.mozilla.org/en/DOM/stylesheet-6.html]
[developer.mozilla.org/en/DOM/stylesheet-7.html]
[developer.mozilla.org/en/DOM/stylesheet-8.html]
[developer.mozilla.org/en/DOM/stylesheet-9.html]
[developer.mozilla.org/en/DOM/stylesheet-10.html]
[developer.mozilla.org/en/DOM/stylesheet-11.html]
[developer.mozilla.org/en/DOM/stylesheet.html]
[developer.mozilla.org/en/DOM/stylesheet-12.html]
[developer.mozilla.org/en/DOM/cssRule-3.html]
[developer.mozilla.org/en/DOM/cssRule-4.html]
[developer.mozilla.org/en/DOM/cssRule.html]
[developer.mozilla.org/en/DOM/cssRule-5.html]
[developer.mozilla.org/en/DOM/style-3.html]
[developer.mozilla.org/En/DOM/CSSStyleDeclaration-2.html]
[developer.mozilla.org/en/DOM/CSS.html]
[developer.mozilla.org/en/DOM/window-9.html]
[developer.mozilla.org/en/DOM/window-10.html]
[developer.mozilla.org/en/DOM/window-11.html]
[developer.mozilla.org/en/DOM/window-12.html]
[developer.mozilla.org/en/DOM/window-13.html]
[developer.mozilla.org/en/DOM/window-14.html]
[developer.mozilla.org/en/DOM/window-15.html]
[developer.mozilla.org/en/DOM/window-16.html]
[developer.mozilla.org/en/DOM/window-17.html]
[developer.mozilla.org/en/DOM/window-18.html]
[developer.mozilla.org/en/DOM/window-19.html]
[developer.mozilla.org/en/DOM/Storage.html]
[developer.mozilla.org/en/DOM/window-20.html]
[developer.mozilla.org/en/DOM/Manipulating_the_browser_history.html]
[developer.mozilla.org/en/DOM/window-21.html]
[developer.mozilla.org/en/DOM/window-22.html]
[developer.mozilla.org/en/DOM/window-23.html]
[developer.mozilla.org/en/DOM/window-24.html]
[developer.mozilla.org/_api/deki/files/213/=FirefoxInnerVsOuterHeight2.png]
[developer.mozilla.org/en/DOM/window-25.html]
[developer.mozilla.org/en/DOM/window-26.html]
[developer.mozilla.org/en/DOM/window-27.html]
[developer.mozilla.org/_api/deki/files/270/=Modify_any_open_window_dialog.png]
[developer.mozilla.org/en/DOM/window-28.html]
[developer.mozilla.org/en/DOM/window-29.html]
[developer.mozilla.org/en/DOM/window-30.html]
[developer.mozilla.org/en/DOM/window-31.html]
[developer.mozilla.org/en/DOM/window.navigator-2.html]
[developer.mozilla.org/en/DOM/window.navigator-3.html]
[developer.mozilla.org/en/DOM/window.navigator-4.html]
[developer.mozilla.org/en/DOM/window.navigator-5.html]
[developer.mozilla.org/en/DOM/window.navigator-6.html]
[developer.mozilla.org/en/DOM/window.navigator-7.html]
[developer.mozilla.org/en/DOM/window.navigator-8.html]
[developer.mozilla.org/en/DOM/window.navigator-9.html]
[developer.mozilla.org/en/DOM/window.navigator-10.html]
[developer.mozilla.org/en/DOM/window.navigator-11.html]
[developer.mozilla.org/en/DOM/window.navigator-12.html]
[developer.mozilla.org/en/DOM/window.navigator-13.html]
[developer.mozilla.org/en/DOM/window.navigator-14.html]
[developer.mozilla.org/en/DOM/window.navigator-15.html]
[developer.mozilla.org/en/DOM/window.navigator-16.html]
[developer.mozilla.org/en/DOM/window.navigator-17.html]
[developer.mozilla.org/en/DOM/window.navigator-18.html]
[developer.mozilla.org/en/DOM/window.navigator-19.html]
[developer.mozilla.org/en/DOM/window.navigator-20.html]
[developer.mozilla.org/en/DOM/window-32.html]
[developer.mozilla.org/en/DOM/window-33.html]
[developer.mozilla.org/en/DOM/window-34.html]
[developer.mozilla.org/en/DOM/window-35.html]
[developer.mozilla.org/en/DOM/window-36.html]
[developer.mozilla.org/en/DOM/window-37.html]
[developer.mozilla.org/en/DOM/window-38.html]
[developer.mozilla.org/en/DOM/window-39.html]
[developer.mozilla.org/en/DOM/window-40.html]
[developer.mozilla.org/en/DOM/window-41.html]
[developer.mozilla.org/en/DOM/window.screen.html]
[developer.mozilla.org/en/DOM/window.screen-2.html]
[developer.mozilla.org/en/DOM/window.screen-3.html]
[developer.mozilla.org/en/DOM/window.screen-4.html]
[developer.mozilla.org/en/DOM/window.screen-5.html]
[developer.mozilla.org/en/DOM/window.screen-6.html]
[developer.mozilla.org/en/DOM/window.screen-7.html]
[developer.mozilla.org/en/DOM/window.screen-8.html]
[developer.mozilla.org/en/DOM/window.screen-9.html]
[developer.mozilla.org/en/DOM/window.screen-10.html]
[developer.mozilla.org/en/DOM/window-42.html]
[developer.mozilla.org/en/DOM/window-43.html]
[developer.mozilla.org/en/DOM/window-44.html]
[developer.mozilla.org/en/DOM/window-45.html]
[developer.mozilla.org/en/DOM/window-46.html]
[developer.mozilla.org/en/DOM/window-47.html]
[developer.mozilla.org/en/DOM/window-48.html]
[developer.mozilla.org/en/DOM/window-49.html]
[developer.mozilla.org/en/DOM/window-50.html]
[developer.mozilla.org/en/DOM/window-51.html]
[developer.mozilla.org/en/DOM/window-52.html]
[developer.mozilla.org/en/DOM/window-53.html]
[developer.mozilla.org/en/DOM/window.URL.html]
[developer.mozilla.org/en/DOM/window.URL-2.html]
[developer.mozilla.org/en/DOM/window-54.html]
[developer.mozilla.org/en/DOM/window-55.html]
[developer.mozilla.org/en/DOM/window-56.html]
[developer.mozilla.org/en/DOM/window-57.html]
[developer.mozilla.org/en/DOM/window-58.html]
[developer.mozilla.org/en/DOM/window-59.html]
[developer.mozilla.org/en/DOM/window-60.html]
[developer.mozilla.org/en/DOM/window-61.html]
[developer.mozilla.org/en/DOM/window-62.html]
[developer.mozilla.org/en/DOM/window-63.html]
[developer.mozilla.org/en/DOM/window-128.html]
[developer.mozilla.org/En/DOM/Window-64.html]
[developer.mozilla.org/en/DOM/window-65.html]
[developer.mozilla.org/en/DOM/window-66.html]
[developer.mozilla.org/en/DOM/window-67.html]
[developer.mozilla.org/en/DOM/window-68.html]
[developer.mozilla.org/En/DOM/Window-69.html]
[developer.mozilla.org/en/DOM/window-70.html]
[developer.mozilla.org/en/DOM/window-71.html]
[developer.mozilla.org/en/DOM/window-72.html]
[developer.mozilla.org/en/DOM/window-73.html]
[developer.mozilla.org/en/DOM/window-74.html]
[developer.mozilla.org/en/DOM/window-75.html]
[developer.mozilla.org/en/DOM/window-76.html]
[developer.mozilla.org/En/DOM/element-98.html]
[developer.mozilla.org/_api/deki/files/210/=FirefoxChromeToolbarsDescription7a.gif]
[developer.mozilla.org/_api/deki/files/260/=MSIE_ico.png]
[developer.mozilla.org/_api/deki/files/785/=Ns6.gif]
[developer.mozilla.org/_api/deki/files/281/=NS7_ico4.gif]
[developer.mozilla.org/_api/deki/files/277/=Mozilla1_ico.png]
[developer.mozilla.org/_api/deki/files/200/=FF1x.png]
[developer.mozilla.org/_api/deki/files/288/=Opera6.gif]
[developer.mozilla.org/_api/deki/files/268/=MenuSystemCommands.png]
[developer.mozilla.org/_api/deki/files/268/=MenuSystemCommands7902.png]
[developer.mozilla.org/_api/deki/files/782/=NewwindowYahoo.png]
[developer.mozilla.org/_api/deki/files/780/=NewwinMSIE.gif]
[developer.mozilla.org/_api/deki/files/296/=Popup_requested_new_window.gif]
[developer.mozilla.org/_api/deki/files/811/=PopupImageSun.gif]
[developer.mozilla.org/_api/deki/files/795/=Opennews_rb.gif]
[developer.mozilla.org/_api/deki/files/15/=AIS_NewWindowIcon.png]
[developer.mozilla.org/_api/deki/files/809/=Pop-up-launcher.gif]
[developer.mozilla.org/_api/deki/files/417/=Webstyleguide_com_newwind.gif]
[developer.mozilla.org/_api/deki/files/810/=Popicon_1.gif]
[developer.mozilla.org/_api/deki/files/779/=New.gif]
[developer.mozilla.org/_api/deki/files/419/=WillCreateOrRecycleNewWindow.gif]
[developer.mozilla.org/_api/deki/files/287/=OpenRequestedPopup.png]
[developer.mozilla.org/_api/deki/files/169/=Cursor_LinkNewWindowTargetBlank.png]
[developer.mozilla.org/_api/deki/files/170/=Cursor_newwindowSergeySokoloff.png]
[developer.mozilla.org/en/DOM/window-77.html]
[developer.mozilla.org/_api/deki/files/212/=FirefoxInnerVsOuterHeight.png]
[developer.mozilla.org/en/DOM/window-78.html]
[developer.mozilla.org/en/DOM/window-79.html]
[developer.mozilla.org/en/DOM/window-80.html]
[developer.mozilla.org/en/DOM/window-81.html]
[developer.mozilla.org/En/DOM/Window-82.html]
[developer.mozilla.org/en/DOM/window-83.html]
[developer.mozilla.org/en/DOM/window-84.html]
[developer.mozilla.org/en/DOM/window-85.html]
[developer.mozilla.org/En/DOM/Window-86.html]
[developer.mozilla.org/en/DOM/window-87.html]
[developer.mozilla.org/en/DOM/window-88.html]
[developer.mozilla.org/en/DOM/window-89.html]
[developer.mozilla.org/en/DOM/window-90.html]
[developer.mozilla.org/en/DOM/window-91.html]
[developer.mozilla.org/en/DOM/window-92.html]
[developer.mozilla.org/en/DOM/window-93.html]
[developer.mozilla.org/en/DOM/window-94.html]
[developer.mozilla.org/en/DOM/window-95.html]
[developer.mozilla.org/en/DOM/window-96.html]
[developer.mozilla.org/en/DOM/window-97.html]
[developer.mozilla.org/En/DOM/Window-98.html]
[developer.mozilla.org/en/DOM/window-99.html]
[developer.mozilla.org/en/DOM/window-100.html]
[developer.mozilla.org/en/DOM/window-101.html]
[developer.mozilla.org/en/DOM/window-102.html]
[developer.mozilla.org/en/DOM/window-103.html]
[developer.mozilla.org/en/DOM/window-104.html]
[developer.mozilla.org/en/DOM/window-105.html]
[developer.mozilla.org/en/DOM/window-106.html]
[developer.mozilla.org/en/DOM/window-107.html]
[developer.mozilla.org/en/DOM/window-108.html]
[developer.mozilla.org/en/DOM/window-109.html]
[developer.mozilla.org/en/DOM/window-110.html]
[developer.mozilla.org/en/DOM/window-111.html]
[developer.mozilla.org/en/DOM/window-112.html]
[developer.mozilla.org/en/DOM/window-113.html]
[developer.mozilla.org/en/DOM/window-114.html]
[developer.mozilla.org/en/DOM/window-115.html]
[developer.mozilla.org/en/DOM/window-116.html]
[developer.mozilla.org/en/DOM/window-117.html]
[developer.mozilla.org/en/DOM/window-118.html]
[developer.mozilla.org/en/DOM/window-129.html]
[developer.mozilla.org/en/DOM/window-119.html]
[developer.mozilla.org/en/DOM/window-120.html]
[developer.mozilla.org/en/DOM/window-121.html]
[developer.mozilla.org/en/DOM/window-122.html]
[developer.mozilla.org/en/DOM/window-123.html]
[developer.mozilla.org/en/DOM/window-124.html]
[developer.mozilla.org/en/DOM/window-125.html]
[developer.mozilla.org/en/DOM/window-126.html]
[developer.mozilla.org/en/DOM/window-127.html]
[developer.mozilla.org/En/DOM/Node-34.html]
[developer.mozilla.org/En/DOM/DOMImplementation-2.html]
[developer.mozilla.org/En/DOM/DOMImplementation-3.html]
[developer.mozilla.org/En/DOM/DOMImplementation-4.html]
[developer.mozilla.org/En/DOM/Event-39.html]
[developer.mozilla.org/En/DOM/Document-86.html]
[developer.mozilla.org/En/DOM/CDATASection-2.html]
[developer.mozilla.org/En/DOM/ProcessingInstruction-2.html]
[developer.mozilla.org/en/DOM/DOMString-2.html]
[developer.mozilla.org/En/DOM/Text-2.html]
[developer.mozilla.org/En/DOM/Text-3.html]
[developer.mozilla.org/En/DOM/Text-4.html]
[developer.mozilla.org/En/DOM/Text-5.html]
[developer.mozilla.org/en/DOM/TimeRanges-2.html]
[developer.mozilla.org/en/DOM/TimeRanges-3.html]
[developer.mozilla.org/en/DOM/TimeRanges-4.html]
[developer.mozilla.org/en/DOM/DOMImplementation-5.html]
[developer.mozilla.org/en/DOM/ChromeWorker-2.html]
[developer.mozilla.org/En/DOM/ChromeWorker.html]
[developer.mozilla.org/en/DOM/Element-82.html]
[developer.mozilla.org/en/DOM/Element-83.html]
[developer.mozilla.org/en/DOM/Element-84.html]
[developer.mozilla.org/en/DOM/Element-85.html]
[developer.mozilla.org/en/DOM/Element-86.html]
[developer.mozilla.org/en/DOM/Html.html]
[developer.mozilla.org/en/DOM/Link.html]
[developer.mozilla.org/en/DOM/Base.html]
[developer.mozilla.org/en/DOM/form.html]
[developer.mozilla.org/en/DOM/select.html]
[developer.mozilla.org/en/DOM/Input.html]
[developer.mozilla.org/En/DOM/Label.html]
[developer.mozilla.org/en/DOM/Image.html]
[developer.mozilla.org/en/DOM/table.html]
[developer.mozilla.org/en/DOM/tableRow.html]
[developer.mozilla.org/en/DOM/HTMLMediaElement.html]
[developer.mozilla.org/deki/scripts/res/syntax/SyntaxHighlighter.css]
[developer.mozilla.org/deki/scripts/res/syntax/shCore.js]
[developer.mozilla.org/deki/scripts/res/syntax/shBrushJScript.js]
[developer.mozilla.org/en/DOM/Worker-2.html]
[developer.mozilla.org/en/DOM/Blob.html]
[developer.mozilla.org/en/DOM/File.html]
[developer.mozilla.org/en/DOM/ValidityState_Interface.html]
[developer.mozilla.org/en/DOM/form-2.html]
[developer.mozilla.org/en/DOM/form-3.html]
[developer.mozilla.org/en/DOM/form-4.html]
[developer.mozilla.org/en/DOM/form-5.html]
[developer.mozilla.org/en/DOM/form-6.html]
[developer.mozilla.org/en/DOM/form-7.html]
[developer.mozilla.org/en/DOM/form-8.html]
[developer.mozilla.org/en/DOM/form-9.html]
[developer.mozilla.org/en/DOM/form-10.html]
[developer.mozilla.org/en/DOM/form-11.html]
[developer.mozilla.org/en/DOM/form-12.html]
[developer.mozilla.org/en/DOM/FileList.html]
[developer.mozilla.org/en/DOM/ValidityState.html]
[developer.mozilla.org/en/DOM/Input-2.html]
[developer.mozilla.org/en/DOM/Input-3.html]
[developer.mozilla.org/en/DOM/Input-4.html]
[developer.mozilla.org/en/DOM/Input-5.html]
[developer.mozilla.org/en/DOM/HTMLOptionElement-2.html]
[developer.mozilla.org/en/DOM/select-2.html]
[developer.mozilla.org/en/DOM/table-2.html]
[developer.mozilla.org/en/DOM/table-3.html]
[developer.mozilla.org/en/DOM/table-4.html]
[developer.mozilla.org/en/DOM/table-5.html]
[developer.mozilla.org/en/DOM/table-6.html]
[developer.mozilla.org/en/DOM/table-7.html]
[developer.mozilla.org/en/DOM/FileReader.html]
[developer.mozilla.org/en/DOM/table-8.html]
[developer.mozilla.org/en/DOM/table-9.html]
[developer.mozilla.org/en/DOM/table-10.html]
[developer.mozilla.org/en/DOM/table-11.html]
[developer.mozilla.org/en/DOM/table-12.html]
[developer.mozilla.org/en/DOM/table-13.html]
[developer.mozilla.org/en/DOM/table-14.html]
[developer.mozilla.org/en/DOM/table-15.html]
[developer.mozilla.org/en/DOM/table-16.html]
[developer.mozilla.org/en/DOM/table-17.html]
[developer.mozilla.org/en/DOM/table-18.html]
[developer.mozilla.org/en/DOM/table-19.html]
[developer.mozilla.org/en/DOM/table-20.html]
[developer.mozilla.org/en/DOM/table-21.html]
[developer.mozilla.org/en/DOM/table-22.html]
[developer.mozilla.org/en/DOM/table-23.html]
[developer.mozilla.org/En/DOM/HTMLCollection-2.html]
[developer.mozilla.org/en/DOM/tableRow-2.html]
[developer.mozilla.org/En/DOM/select-3.html]
[developer.mozilla.org/en/DOM/element-87.html]
[developer.mozilla.org/deki/scripts/res/syntax/shBrushXml.js]
[developer.mozilla.org/en/DOM/element-88.html]
[developer.mozilla.org/en/DOM/element-89.html]
[developer.mozilla.org/en/DOM/element-90.html]
[developer.mozilla.org/en/DOM/window.navigator.html]
[developer.mozilla.org/en/DOM/element-91.html]
[developer.mozilla.org/en/DOM/element-92.html]
[developer.mozilla.org/en/DOM/element-93.html]
[developer.mozilla.org/en/DOM/element-94.html]
[developer.mozilla.org/en/DOM/treeWalker-2.html]
[developer.mozilla.org/en/DOM/treeWalker-3.html]
[developer.mozilla.org/en/DOM/treeWalker-4.html]
[developer.mozilla.org/en/DOM/NodeList-2.html]
[www.paypal.com/en_US/i/btn/x-click-but21.gif]
[www.paypal.com/en_US/i/scr/pixel.gif]
[www.assoc-amazon.com/s/ads.js]
[www.davidflanagan.com/javascript5/displayec11.html]
[developer.mozilla.org/en/DOM/HTMLLegendElement-2.html]
[developer.mozilla.org/en/DOM/element-95.html]
[developer.mozilla.org/en/DOM/element-96.html]
[developer.mozilla.org/en/DOM/cssRule-2.html]
[developer.mozilla.org/En/DOM/document-87.html]
[developer.mozilla.org/En/DOM/element-97.html]
[developer.mozilla.org/en/DOM/event/Comparison_of_Event_Targets.html]
[developer.mozilla.org/en/DOM/EventTarget.html]
[developer.mozilla.org/en/DOM/AbstractView.html]
[developer.mozilla.org/en/DOM/stylesheet-2.html]
[developer.mozilla.org/en/DOM/stylesheet-3.html]
[developer.mozilla.org/en/DOM/stylesheet-4.html]
[developer.mozilla.org/en/DOM/stylesheet-5.html]
[developer.mozilla.org/en/DOM/stylesheet-6.html]
[developer.mozilla.org/en/DOM/stylesheet-7.html]
[developer.mozilla.org/en/DOM/stylesheet-8.html]
[developer.mozilla.org/en/DOM/stylesheet-9.html]
[developer.mozilla.org/en/DOM/stylesheet-10.html]
[developer.mozilla.org/en/DOM/stylesheet-11.html]
[developer.mozilla.org/en/DOM/stylesheet-12.html]
[developer.mozilla.org/en/DOM/cssRule-3.html]
[developer.mozilla.org/en/DOM/cssRule-4.html]
[developer.mozilla.org/en/DOM/cssRule-5.html]
[developer.mozilla.org/en/DOM/style-3.html]
[developer.mozilla.org/En/DOM/CSSStyleDeclaration-2.html]
[developer.mozilla.org/en/DOM/Manipulating_the_browser_history.html]
[developer.mozilla.org/en/DOM/window.navigator-2.html]
[developer.mozilla.org/en/DOM/window.navigator-3.html]
[developer.mozilla.org/en/DOM/window.navigator-4.html]
[developer.mozilla.org/en/DOM/window.navigator-5.html]
[developer.mozilla.org/en/DOM/window.navigator-6.html]
[developer.mozilla.org/en/DOM/window.navigator-7.html]
[developer.mozilla.org/en/DOM/window.navigator-8.html]
[developer.mozilla.org/en/DOM/window.navigator-9.html]
[developer.mozilla.org/en/DOM/window.navigator-10.html]
[developer.mozilla.org/en/DOM/window.navigator-11.html]
[developer.mozilla.org/en/DOM/window.navigator-12.html]
[developer.mozilla.org/en/DOM/window.navigator-13.html]
[developer.mozilla.org/en/DOM/window.navigator-14.html]
[developer.mozilla.org/en/DOM/window.navigator-15.html]
[developer.mozilla.org/en/DOM/window.navigator-16.html]
[developer.mozilla.org/en/DOM/window.navigator-17.html]
[developer.mozilla.org/en/DOM/window.navigator-18.html]
[developer.mozilla.org/en/DOM/window.navigator-19.html]
[developer.mozilla.org/en/DOM/window.navigator-20.html]
[developer.mozilla.org/en/DOM/window-128.html]
[developer.mozilla.org/En/DOM/element-98.html]
[developer.mozilla.org/en/DOM/window-129.html]
[developer.mozilla.org/en/DOM/DOMImplementation-5.html]
[developer.mozilla.org/en/Gecko_DOM_Reference/event.html]
[developer.mozilla.org/En/DOM/Elementhtml.html]
[developer.mozilla.org/En/DOM/Elementhtml.html]
[developer.mozilla.org/en/DOM/ChromeWorker-2.html]
[developer.mozilla.org/en/DOM/Worker-2.html]
[developer.mozilla.org/en/DOM/Blob.html]
[developer.mozilla.org/en/DOM/FileReader.html]
[developer.mozilla.org/en/DOM/FileError.html]
[developer.mozilla.org/en/DOM/textContenthtml.html]
[developer.mozilla.org/en/Gecko_DOM_Reference/event.html]
[developer.mozilla.org/en/DOM/FileError.html]
