[madrobby.github.com/scriptaculous/index.html]
[backblue.gif]
[fade.gif]
[index.html]
[madrobby.github.com/scriptaculous/css/docs.css]
[script.aculo.us/github/styles/sunburst.css]
[madrobby.github.com/scriptaculous/effectscrollto.1c.delayed]
[madrobby.github.com/scriptaculous/formelementdelayedobserver.26.delayed]
[madrobby.github.com/scriptaculous/porting.30.delayed]
[script.aculo.us/github/highlight.js]
[static.jsconf.us/promotejshs.png]
[madrobby.github.com/scriptaculous/index.html]
[in.getclicky.com/66350389ns.gif]
[madrobby.github.com/scriptaculous/images/logo.png]
[madrobby.github.com/scriptaculous/css/docs.css]
[madrobby.github.com/scriptaculous/contribute/index.html]
[madrobby.github.com/scriptaculous/contribute/index.html]
[script.aculo.us/github/styles/sunburst.css]
[madrobby.github.com/scriptaculous/demos/index.html]
[madrobby.github.com/scriptaculous/demos/index.html]
[madrobby.github.com/scriptaculous/core-effects/index.html]
[script.aculo.us/prototype.js]
[script.aculo.us/scriptaculous.js]
[madrobby.github.com/scriptaculous/effecttween.3e.delayed]
[madrobby.github.com/scriptaculous/core-effects/index.html]
[madrobby.github.com/scriptaculous/effect-highlight/index.html]
[madrobby.github.com/scriptaculous/effect-highlight/index.html]
[madrobby.github.com/scriptaculous/effect-morph/index.html]
[madrobby.github.com/scriptaculous/effect-morph/index.html]
[madrobby.github.com/scriptaculous/effect-move/index.html]
[madrobby.github.com/scriptaculous/effect-move/index.html]
[madrobby.github.com/scriptaculous/effect-opacity/index.html]
[madrobby.github.com/scriptaculous/effect-opacity/index.html]
[madrobby.github.com/scriptaculous/effect-scale/index.html]
[madrobby.github.com/scriptaculous/effect-scale/index.html]
[madrobby.github.com/scriptaculous/effect-parallel/index.html]
[madrobby.github.com/scriptaculous/effect-parallel/index.html]
[madrobby.github.com/scriptaculous/combination-effects/index.html]
[madrobby.github.com/scriptaculous/combination-effects/index.html]
[madrobby.github.com/scriptaculous/effect-appear/index.html]
[madrobby.github.com/scriptaculous/giving-elements-layout.49.delayed]
[madrobby.github.com/scriptaculous/effect-appear/index.html]
[madrobby.github.com/scriptaculous/effect-blinddown/index.html]
[madrobby.github.com/scriptaculous/effect-blinddown/index.html]
[madrobby.github.com/scriptaculous/effect-blindup/index.html]
[madrobby.github.com/scriptaculous/effect-blindup/index.html]
[madrobby.github.com/scriptaculous/effect-dropout/index.html]
[madrobby.github.com/scriptaculous/effect-dropout/index.html]
[madrobby.github.com/scriptaculous/effect-fade/index.html]
[madrobby.github.com/scriptaculous/effect-fade/index.html]
[madrobby.github.com/scriptaculous/effect-fold/index.html]
[madrobby.github.com/scriptaculous/effect-fold/index.html]
[madrobby.github.com/scriptaculous/effect-grow/index.html]
[madrobby.github.com/scriptaculous/effect-grow/index.html]
[madrobby.github.com/scriptaculous/effect-puff/index.html]
[madrobby.github.com/scriptaculous/effect-puff/index.html]
[madrobby.github.com/scriptaculous/effect-pulsate/index.html]
[madrobby.github.com/scriptaculous/effect-pulsate/index.html]
[madrobby.github.com/scriptaculous/effect-shake/index.html]
[madrobby.github.com/scriptaculous/effect-shake/index.html]
[madrobby.github.com/scriptaculous/effect-shrink/index.html]
[madrobby.github.com/scriptaculous/effect-shrink/index.html]
[madrobby.github.com/scriptaculous/effect-slidedown/index.html]
[madrobby.github.com/scriptaculous/effect-slidedown/index.html]
[madrobby.github.com/scriptaculous/effect-slideup/index.html]
[madrobby.github.com/scriptaculous/effect-slideup/index.html]
[madrobby.github.com/scriptaculous/effect-squish/index.html]
[madrobby.github.com/scriptaculous/effect-squish/index.html]
[madrobby.github.com/scriptaculous/effect-switchoff/index.html]
[madrobby.github.com/scriptaculous/effect-switchoff/index.html]
[madrobby.github.com/scriptaculous/effectscrollto.html]
[madrobby.github.com/scriptaculous/effect-transitions/index.html]
[madrobby.github.com/scriptaculous/effect-transitions/index.html]
[madrobby.github.com/scriptaculous/effect-methods/index.html]
[madrobby.github.com/scriptaculous/effect-methods/index.html]
[madrobby.github.com/scriptaculous/effect-tagifytext/index.html]
[madrobby.github.com/scriptaculous/effect-tagifytext/index.html]
[madrobby.github.com/scriptaculous/effect-multiple/index.html]
[madrobby.github.com/scriptaculous/effect-multiple/index.html]
[madrobby.github.com/scriptaculous/effect-toggle/index.html]
[madrobby.github.com/scriptaculous/effect-toggle/index.html]
[madrobby.github.com/scriptaculous/behaviours/index.html]
[madrobby.github.com/scriptaculous/behaviours/index.html]
[madrobby.github.com/scriptaculous/draggable/index.html]
[madrobby.github.com/scriptaculous/draggable/index.html]
[madrobby.github.com/scriptaculous/droppables/index.html]
[madrobby.github.com/scriptaculous/droppables/index.html]
[madrobby.github.com/scriptaculous/sortable/index.html]
[madrobby.github.com/scriptaculous/sortable/index.html]
[madrobby.github.com/scriptaculous/formelementdelayedobserver.html]
[madrobby.github.com/scriptaculous/controls/index.html]
[madrobby.github.com/scriptaculous/controls/index.html]
[madrobby.github.com/scriptaculous/ajax-inplaceeditor/index.html]
[madrobby.github.com/scriptaculous/ajax-inplaceeditor/index.html]
[script.aculo.us/controls.js]
[madrobby.github.com/scriptaculous/ajax-inplacecollectioneditor/index.html]
[madrobby.github.com/scriptaculous/ajax-inplacecollectioneditor/index.html]
[madrobby.github.com/scriptaculous/ajax-autocompleter/index.html]
[madrobby.github.com/scriptaculous/autocompleterbase.71.delayed]
[madrobby.github.com/scriptaculous/ajax-autocompleter/index.html]
[madrobby.github.com/scriptaculous/autocompleter-local/index.html]
[madrobby.github.com/scriptaculous/autocompleter-local/index.html]
[madrobby.github.com/scriptaculous/slider/index.html]
[madrobby.github.com/scriptaculous/slider/index.html]
[madrobby.github.com/scriptaculous/builder/index.html]
[madrobby.github.com/scriptaculous/builder/index.html]
[madrobby.github.com/scriptaculous/sound/index.html]
[madrobby.github.com/scriptaculous/sound/index.html]
[madrobby.github.com/scriptaculous/unit-testing/index.html]
[madrobby.github.com/scriptaculous/testunit.78.delayed]
[madrobby.github.com/scriptaculous/testunitlogger.79.delayed]
[madrobby.github.com/scriptaculous/testunittestcase.7b.delayed]
[madrobby.github.com/scriptaculous/testunitassertions.7c.delayed]
[madrobby.github.com/scriptaculous/unit-testing/index.html]
[madrobby.github.com/scriptaculous/porting.html]
[madrobby.github.com/scriptaculous/style-guide/index.html]
[madrobby.github.com/scriptaculous/style-guide/index.html]
[script.aculo.us/github/highlight.js]
[madrobby.github.com/scriptaculous/autocompleter-base/index.html]
[madrobby.github.com/scriptaculous/autocompleter-base/index.html]
[madrobby.github.com/scriptaculous/combination-effects-demo/index.html]
[madrobby.github.com/scriptaculous/combination-effects-demo/index.html]
[script.aculo.us/images/demo-logo.gif]
[madrobby.github.com/scriptaculous/draggables-object/index.html]
[madrobby.github.com/scriptaculous/draggables-object/index.html]
[madrobby.github.com/scriptaculous/effect-queues/index.html]
[madrobby.github.com/scriptaculous/effect-queues/index.html]
[madrobby.github.com/scriptaculous/effect-scrollto/index.html]
[madrobby.github.com/scriptaculous/effect-scrollto/index.html]
[madrobby.github.com/scriptaculous/effect-tween/index.html]
[madrobby.github.com/scriptaculous/effect-tween/index.html]
[madrobby.github.com/scriptaculous/effects/index.html]
[madrobby.github.com/scriptaculous/effects/index.html]
[madrobby.github.com/scriptaculous/faq/index.html]
[madrobby.github.com/scriptaculous/faq/index.html]
[madrobby.github.com/scriptaculous/form-element-delayedobserver/index.html]
[madrobby.github.com/scriptaculous/form-element-delayedobserver/index.html]
[madrobby.github.com/scriptaculous/in-place-editing/index.html]
[madrobby.github.com/scriptaculous/in-place-editing/index.html]
[madrobby.github.com/scriptaculous/license/index.html]
[madrobby.github.com/scriptaculous/license/index.html]
[madrobby.github.com/scriptaculous/list-morph-demo/index.html]
[madrobby.github.com/scriptaculous/list-morph-demo/index.html]
[madrobby.github.com/scriptaculous/puzzle-demo/index.html]
[script.aculo.us/images/puzzle5.jpg]
[script.aculo.us/images/puzzle1.jpg]
[script.aculo.us/images/puzzle9.jpg]
[script.aculo.us/images/puzzle7.jpg]
[script.aculo.us/images/puzzle4.jpg]
[script.aculo.us/images/puzzle8.jpg]
[script.aculo.us/images/puzzle3.jpg]
[script.aculo.us/images/puzzle6.jpg]
[madrobby.github.com/scriptaculous/puzzle-demo/index.html]
[script.aculo.us/images/puzzle2.jpg]
[madrobby.github.com/scriptaculous/ruby-on-rails/index.html]
[madrobby.github.com/scriptaculous/ruby-on-rails/index.html]
[madrobby.github.com/scriptaculous/sortable-create/index.html]
[madrobby.github.com/scriptaculous/sortable-create/index.html]
[madrobby.github.com/scriptaculous/sortable-lists-demo/index.html]
[madrobby.github.com/scriptaculous/sortable-lists-demo/index.html]
[madrobby.github.com/scriptaculous/sortable-sequence/index.html]
[madrobby.github.com/scriptaculous/sortable-sequence/index.html]
[madrobby.github.com/scriptaculous/sortable-serialize/index.html]
[madrobby.github.com/scriptaculous/sortable-serialize/index.html]
[madrobby.github.com/scriptaculous/sortables/index.html]
[madrobby.github.com/scriptaculous/sortables/index.html]
[madrobby.github.com/scriptaculous/sortables-create/index.html]
[madrobby.github.com/scriptaculous/sortables-create/index.html]
[madrobby.github.com/scriptaculous/tabs/index.html]
[brianflove.com/public/js/tabs.a2.delayed]
[madrobby.github.com/scriptaculous/tabs/img/tabs_left.a3.delayed]
[madrobby.github.com/scriptaculous/tabs/img/tabs_right.a4.delayed]
[madrobby.github.com/scriptaculous/tabs/index.html]
[madrobby.github.com/scriptaculous/test-unit/index.html]
[madrobby.github.com/scriptaculous/test-unit/index.html]
[madrobby.github.com/scriptaculous/test-unit-assertions/index.html]
[madrobby.github.com/scriptaculous/test-unit-assertions/index.html]
[madrobby.github.com/scriptaculous/test-unit-logger/index.html]
[madrobby.github.com/scriptaculous/test-unit-logger/index.html]
[madrobby.github.com/scriptaculous/test-unit-runner/index.html]
[madrobby.github.com/scriptaculous/test-unit-runner/index.html]
[madrobby.github.com/scriptaculous/test-unit-testcase/index.html]
[madrobby.github.com/scriptaculous/test-unit-testcase/index.html]
[script.aculo.us/prototype.js]
[script.aculo.us/scriptaculous.js]
[madrobby.github.com/scriptaculous/effecttween.html]
[madrobby.github.com/scriptaculous/giving-elements-layout.html]
[script.aculo.us/controls.js]
[madrobby.github.com/scriptaculous/autocompleterbase.html]
[madrobby.github.com/scriptaculous/testunit.html]
[madrobby.github.com/scriptaculous/testunitlogger.html]
[madrobby.github.com/scriptaculous/testunittestcase.html]
[madrobby.github.com/scriptaculous/testunitassertions.html]
[script.aculo.us/images/puzzle7.jpg]
[script.aculo.us/images/puzzle6.jpg]
[brianflove.com/public/js/tabs.html]
[madrobby.github.com/scriptaculous/tabs/img/tabs_left.html]
[madrobby.github.com/scriptaculous/tabs/img/tabs_right.html]
[madrobby.github.com/scriptaculous/core-effects/AppleWebKit/index.html]
[madrobby.github.com/scriptaculous/core-effects/AppleWebKit/index.html]
