[prototypejs.org/learn.html]
[backblue.gif]
[fade.gif]
[index.html]
[api.prototypejs.org/images/header-stripe-small.png]
[api.prototypejs.org/index.html]
[api.prototypejs.org/images/header-logo-small.png]
[www.google-analytics.com/urchin.js]
[prototypejs.org/images/fav.png]
[prototypejs.org/learn/contribute.html]
[prototypejs.org/learn/class-inheritance.html]
[prototypejs.org/learn/extensions.html]
[prototypejs.org/learn/introduction-to-ajax.html]
[prototypejs.org/learn/json.html]
[prototypejs.org/learn/upgrading.html]
[prototypejs.org/learn.html]
[prototypejs.org/images/mephisto-badge-tiny.png]
[api.prototypejs.org/javascripts/pdoc/prototype.js]
[api.prototypejs.org/javascripts/pdoc/application.js]
[api.prototypejs.org/javascripts/pdoc/tabs.js]
[api.prototypejs.org/javascripts/pdoc/item_index.js]
[api.prototypejs.org/images/pdoc/constructor.png]
[api.prototypejs.org/images/pdoc/method.png]
[api.prototypejs.org/images/pdoc/class_method.png]
[api.prototypejs.org/images/pdoc/class_property.png]
[api.prototypejs.org/images/pdoc/instance_method.png]
[api.prototypejs.org/images/pdoc/instance_property.png]
[api.prototypejs.org/images/pdoc/mixin.png]
[api.prototypejs.org/images/pdoc/class.png]
[api.prototypejs.org/images/pdoc/namespace.png]
[api.prototypejs.org/images/pdoc/section.png]
[api.prototypejs.org/images/pdoc/utility.png]
[api.prototypejs.org/images/pdoc/description.png]
[api.prototypejs.org/images/pdoc/subclass.png]
[api.prototypejs.org/images/pdoc/superclass.png]
[api.prototypejs.org/images/pdoc/information.png]
[api.prototypejs.org/images/pdoc/alias.png]
[api.prototypejs.org/images/pdoc/related_to.png]
[api.prototypejs.org/images/pdoc/search-background.png]
[api.prototypejs.org/images/pdoc/section-background.png]
[api.prototypejs.org/stylesheets/pdoc/api.css]
[api.prototypejs.org/images/pdoc/selected-section-background.png]
[api.prototypejs.org/stylesheets/pdoc/pygments.css]
[api.prototypejs.org/Prototype/index.html]
[api.prototypejs.org/Prototype/Browser/index.html]
[api.prototypejs.org/Prototype/BrowserFeatures/index.html]
[api.prototypejs.org/Prototype/Selector/index.html]
[api.prototypejs.org/ajax/index.html]
[api.prototypejs.org/ajax/Ajax/index.html]
[api.prototypejs.org/ajax/Ajax/PeriodicalUpdater/index.html]
[api.prototypejs.org/ajax/Ajax/Request/index.html]
[api.prototypejs.org/ajax/Ajax/Responders/index.html]
[api.prototypejs.org/ajax/Ajax/Response/index.html]
[api.prototypejs.org/ajax/Ajax/Updater/index.html]
[api.prototypejs.org/dom/index.html]
[api.prototypejs.org/dom/dollar/index.html]
[api.prototypejs.org/dom/dollar-dollar/index.html]
[api.prototypejs.org/dom/dollar-F/index.html]
[api.prototypejs.org/dom/Abstract/index.html]
[api.prototypejs.org/dom/Abstract/EventObserver/index.html]
[api.prototypejs.org/dom/Abstract/TimedObserver/index.html]
[api.prototypejs.org/dom/document/index.html]
[api.prototypejs.org/dom/document/viewport/index.html]
[api.prototypejs.org/dom/Element/index.html]
[api.prototypejs.org/dom/Element/Layout/index.html]
[api.prototypejs.org/dom/Element/Methods/index.html]
[api.prototypejs.org/dom/Element/Offset/index.html]
[api.prototypejs.org/dom/Event/index.html]
[api.prototypejs.org/dom/Event/Handler/index.html]
[api.prototypejs.org/dom/Form/index.html]
[api.prototypejs.org/dom/Form/Element/index.html]
[api.prototypejs.org/dom/Form/Element/EventObserver/index.html]
[api.prototypejs.org/dom/Form/Element/Observer/index.html]
[api.prototypejs.org/dom/Form/EventObserver/index.html]
[api.prototypejs.org/dom/Form/Observer/index.html]
[api.prototypejs.org/dom/Selector/index.html]
[api.prototypejs.org/images/pdoc/deprecated.png]
[api.prototypejs.org/language/index.html]
[api.prototypejs.org/language/dollar-A/index.html]
[api.prototypejs.org/language/dollar-H/index.html]
[api.prototypejs.org/language/dollar-R/index.html]
[api.prototypejs.org/language/dollar-w/index.html]
[api.prototypejs.org/language/Array/index.html]
[api.prototypejs.org/language/Class/index.html]
[api.prototypejs.org/language/Date/index.html]
[api.prototypejs.org/language/Enumerable/index.html]
[api.prototypejs.org/language/Function/index.html]
[api.prototypejs.org/language/Hash/index.html]
[api.prototypejs.org/language/Number/index.html]
[api.prototypejs.org/language/Object/index.html]
[api.prototypejs.org/language/ObjectRange/index.html]
[api.prototypejs.org/language/PeriodicalExecuter/index.html]
[api.prototypejs.org/language/RegExp/index.html]
[api.prototypejs.org/language/String/index.html]
[api.prototypejs.org/language/Template/index.html]
[api.prototypejs.org/language/Try/index.html]
[prototypejs.org/javascripts/code_highlighter.js]
[prototypejs.org/javascripts/javascript.js]
[prototypejs.org/javascripts/html.js]
[prototypejs.org/javascripts/css.js]
[prototypejs.org/javascripts/ruby.js]
[prototypejs.org/javascripts/ebnf.js]
[prototypejs.org/learn/stylesheets/main.30.delayed]
[prototypejs.org/assets/2007/1/15/array-fail.png]
[prototypejs.org/learn/contribute.html]
[prototypejs.org/assets/2007/1/15/array-assertions-light.png]
[prototypejs.org/learn/class-inheritance.html]
[prototypejs.org/learn/extensions.html]
[prototypejs.org/learn/introduction-to-ajax.html]
[prototypejs.org/learn/json.html]
[prototypejs.org/assets/2008/2/12/console1_1.png]
[prototypejs.org/learn/upgrading.html]
[prototypejs.org/assets/2008/4/22/prototype_update_helper.js]
[api.prototypejs.org/AppleWebKit/index.html]
[api.prototypejs.org/Prototype/emptyFunction/index.html]
[api.prototypejs.org/Prototype/K/index.html]
[api.prototypejs.org/Prototype/Version/index.html]
[api.prototypejs.org/Prototype/BrowserFeatures/ElementExtensions/index.html]
[api.prototypejs.org/Prototype/BrowserFeatures/SelectorsAPI/index.html]
[api.prototypejs.org/Prototype/BrowserFeatures/XPath/index.html]
[api.prototypejs.org/Prototype/Selector/extendElement/index.html]
[api.prototypejs.org/Prototype/Selector/extendElements/index.html]
[api.prototypejs.org/Prototype/Selector/find/index.html]
[api.prototypejs.org/Prototype/Selector/match/index.html]
[api.prototypejs.org/Prototype/Selector/select/index.html]
[api.prototypejs.org/ajax/Ajax/Response/prototype/responseText/index.html]
[api.prototypejs.org/ajax/Ajax/Response/prototype/responseJSON/index.html]
[api.prototypejs.org/ajax/Ajax/activeRequestCount/index.html]
[api.prototypejs.org/ajax/Ajax/PeriodicalUpdater/new/index.html]
[api.prototypejs.org/ajax/Ajax/PeriodicalUpdater/prototype/start/index.html]
[api.prototypejs.org/ajax/Ajax/PeriodicalUpdater/prototype/stop/index.html]
[api.prototypejs.org/ajax/Ajax/Request/new/index.html]
[api.prototypejs.org/ajax/Ajax/Request/prototype/getHeader/index.html]
[api.prototypejs.org/ajax/Ajax/Request/prototype/success/index.html]
[api.prototypejs.org/ajax/Ajax/Response/prototype/getHeader/index.html]
[api.prototypejs.org/ajax/Ajax/Responders/register/index.html]
[api.prototypejs.org/ajax/Ajax/Responders/unregister/index.html]
[api.prototypejs.org/ajax/Ajax/Response/prototype/getAllHeaders/index.html]
[api.prototypejs.org/ajax/Ajax/Response/prototype/getAllResponseHeaders/index.html]
[api.prototypejs.org/ajax/Ajax/Response/prototype/getResponseHeader/index.html]
[api.prototypejs.org/ajax/Ajax/Response/prototype/headerJSON/index.html]
[api.prototypejs.org/ajax/Ajax/Response/prototype/readyState/index.html]
[api.prototypejs.org/ajax/Ajax/Response/prototype/request/index.html]
[api.prototypejs.org/ajax/Ajax/Response/prototype/responseXML/index.html]
[api.prototypejs.org/ajax/Ajax/Response/prototype/status/index.html]
[api.prototypejs.org/ajax/Ajax/Response/prototype/statusText/index.html]
[api.prototypejs.org/ajax/Ajax/Response/prototype/transport/index.html]
[api.prototypejs.org/ajax/Ajax/Updater/new/index.html]
[api.prototypejs.org/dom/Element/prototype/insert/index.html]
[api.prototypejs.org/language/String/prototype/evalScripts/index.html]
[api.prototypejs.org/dom/Element/extend/index.html]
[api.prototypejs.org/dom/Element/select/index.html]
[api.prototypejs.org/dom/Form/Element/getValue/index.html]
[api.prototypejs.org/dom/Form/Element/prototype/getValue/index.html]
[api.prototypejs.org/dom/Abstract/TimedObserver/new/index.html]
[api.prototypejs.org/dom/document/fire/index.html]
[api.prototypejs.org/dom/document/observe/index.html]
[api.prototypejs.org/dom/document/stopObserving/index.html]
[api.prototypejs.org/dom/document/loaded/index.html]
[api.prototypejs.org/dom/document/viewport/getDimensions/index.html]
[api.prototypejs.org/dom/document/viewport/getHeight/index.html]
[api.prototypejs.org/dom/document/viewport/getScrollOffsets/index.html]
[api.prototypejs.org/dom/document/viewport/getWidth/index.html]
[api.prototypejs.org/dom/Element/new/index.html]
[api.prototypejs.org/dom/Element/absolutize/index.html]
[api.prototypejs.org/dom/Element/addClassName/index.html]
[api.prototypejs.org/dom/Element/addMethods/index.html]
[api.prototypejs.org/dom/Element/adjacent/index.html]
[api.prototypejs.org/dom/Element/ancestors/index.html]
[api.prototypejs.org/dom/Element/childElements/index.html]
[api.prototypejs.org/dom/Element/classNames/index.html]
[api.prototypejs.org/dom/Element/cleanWhitespace/index.html]
[api.prototypejs.org/dom/Element/clone/index.html]
[api.prototypejs.org/dom/Element/clonePosition/index.html]
[api.prototypejs.org/dom/Element/cumulativeOffset/index.html]
[api.prototypejs.org/dom/Element/cumulativeScrollOffset/index.html]
[api.prototypejs.org/dom/Element/descendantOf/index.html]
[api.prototypejs.org/dom/Element/descendants/index.html]
[api.prototypejs.org/dom/Element/down/index.html]
[api.prototypejs.org/dom/Element/empty/index.html]
[api.prototypejs.org/dom/Element/fire/index.html]
[api.prototypejs.org/dom/Element/firstDescendant/index.html]
[api.prototypejs.org/dom/Element/getDimensions/index.html]
[api.prototypejs.org/dom/Element/getElementsBySelector/index.html]
[api.prototypejs.org/dom/Element/getHeight/index.html]
[api.prototypejs.org/dom/Element/getLayout/index.html]
[api.prototypejs.org/dom/Element/getOffsetParent/index.html]
[api.prototypejs.org/dom/Element/getOpacity/index.html]
[api.prototypejs.org/dom/Element/getStorage/index.html]
[api.prototypejs.org/dom/Element/getStyle/index.html]
[api.prototypejs.org/dom/Element/getWidth/index.html]
[api.prototypejs.org/dom/Element/hasAttribute/index.html]
[api.prototypejs.org/dom/Element/hasClassName/index.html]
[api.prototypejs.org/dom/Element/hide/index.html]
[api.prototypejs.org/dom/Element/identify/index.html]
[api.prototypejs.org/dom/Element/immediateDescendants/index.html]
[api.prototypejs.org/dom/Element/insert/index.html]
[api.prototypejs.org/dom/Element/inspect/index.html]
[api.prototypejs.org/dom/Element/makeClipping/index.html]
[api.prototypejs.org/dom/Element/makePositioned/index.html]
[api.prototypejs.org/dom/Element/match/index.html]
[api.prototypejs.org/dom/Element/measure/index.html]
[api.prototypejs.org/dom/Element/next/index.html]
[api.prototypejs.org/dom/Element/nextSiblings/index.html]
[api.prototypejs.org/dom/Element/observe/index.html]
[api.prototypejs.org/dom/Element/on/index.html]
[api.prototypejs.org/dom/Element/positionedOffset/index.html]
[api.prototypejs.org/dom/Element/previous/index.html]
[api.prototypejs.org/dom/Element/previousSiblings/index.html]
[api.prototypejs.org/dom/Element/purge/index.html]
[api.prototypejs.org/dom/Element/readAttribute/index.html]
[api.prototypejs.org/dom/Element/recursivelyCollect/index.html]
[api.prototypejs.org/dom/Element/relativize/index.html]
[api.prototypejs.org/dom/Element/remove/index.html]
[api.prototypejs.org/dom/Element/removeClassName/index.html]
[api.prototypejs.org/dom/Element/replace/index.html]
[api.prototypejs.org/dom/Element/retrieve/index.html]
[api.prototypejs.org/dom/Element/scrollTo/index.html]
[api.prototypejs.org/dom/Element/setOpacity/index.html]
[api.prototypejs.org/dom/Element/setStyle/index.html]
[api.prototypejs.org/dom/Element/show/index.html]
[api.prototypejs.org/dom/Element/siblings/index.html]
[api.prototypejs.org/dom/Element/stopObserving/index.html]
[api.prototypejs.org/dom/Element/store/index.html]
[api.prototypejs.org/dom/Element/toggle/index.html]
[api.prototypejs.org/dom/Element/toggleClassName/index.html]
[api.prototypejs.org/dom/Element/undoClipping/index.html]
[api.prototypejs.org/dom/Element/undoPositioned/index.html]
[api.prototypejs.org/dom/Element/up/index.html]
[api.prototypejs.org/dom/Element/update/index.html]
[api.prototypejs.org/dom/Element/viewportOffset/index.html]
[api.prototypejs.org/dom/Element/visible/index.html]
[api.prototypejs.org/dom/Element/wrap/index.html]
[api.prototypejs.org/dom/Element/writeAttribute/index.html]
[api.prototypejs.org/dom/Element/prototype/absolutize/index.html]
[api.prototypejs.org/dom/Element/prototype/addClassName/index.html]
[api.prototypejs.org/dom/Element/prototype/adjacent/index.html]
[api.prototypejs.org/dom/Element/prototype/ancestors/index.html]
[api.prototypejs.org/dom/Element/prototype/childElements/index.html]
[api.prototypejs.org/dom/Element/prototype/classNames/index.html]
[api.prototypejs.org/dom/Element/prototype/cleanWhitespace/index.html]
[api.prototypejs.org/dom/Element/prototype/clone/index.html]
[api.prototypejs.org/dom/Element/prototype/clonePosition/index.html]
[api.prototypejs.org/dom/Element/prototype/cumulativeOffset/index.html]
[api.prototypejs.org/dom/Element/prototype/cumulativeScrollOffset/index.html]
[api.prototypejs.org/dom/Element/prototype/descendantOf/index.html]
[api.prototypejs.org/dom/Element/prototype/descendants/index.html]
[api.prototypejs.org/dom/Element/prototype/down/index.html]
[api.prototypejs.org/dom/Element/prototype/empty/index.html]
[api.prototypejs.org/dom/Element/prototype/fire/index.html]
[api.prototypejs.org/dom/Element/prototype/firstDescendant/index.html]
[api.prototypejs.org/dom/Element/prototype/getDimensions/index.html]
[api.prototypejs.org/dom/Element/prototype/getElementsBySelector/index.html]
[api.prototypejs.org/dom/Element/prototype/getHeight/index.html]
[api.prototypejs.org/dom/Element/prototype/getLayout/index.html]
[api.prototypejs.org/dom/Element/prototype/getOffsetParent/index.html]
[api.prototypejs.org/dom/Element/prototype/getOpacity/index.html]
[api.prototypejs.org/dom/Element/prototype/getStorage/index.html]
[api.prototypejs.org/dom/Element/prototype/getStyle/index.html]
[api.prototypejs.org/dom/Element/prototype/getWidth/index.html]
[api.prototypejs.org/dom/Element/prototype/hasAttribute/index.html]
[api.prototypejs.org/dom/Element/prototype/hasClassName/index.html]
[api.prototypejs.org/dom/Element/prototype/hide/index.html]
[api.prototypejs.org/dom/Element/prototype/identify/index.html]
[api.prototypejs.org/dom/Element/prototype/immediateDescendants/index.html]
[api.prototypejs.org/dom/Element/prototype/inspect/index.html]
[api.prototypejs.org/dom/Element/prototype/makeClipping/index.html]
[api.prototypejs.org/dom/Element/prototype/makePositioned/index.html]
[api.prototypejs.org/dom/Element/prototype/match/index.html]
[api.prototypejs.org/dom/Element/prototype/measure/index.html]
[api.prototypejs.org/dom/Element/prototype/next/index.html]
[api.prototypejs.org/dom/Element/prototype/nextSiblings/index.html]
[api.prototypejs.org/dom/Element/prototype/observe/index.html]
[api.prototypejs.org/dom/Element/prototype/on/index.html]
[api.prototypejs.org/dom/Element/prototype/positionedOffset/index.html]
[api.prototypejs.org/dom/Element/prototype/previous/index.html]
[api.prototypejs.org/dom/Element/prototype/previousSiblings/index.html]
[api.prototypejs.org/dom/Element/prototype/purge/index.html]
[api.prototypejs.org/dom/Element/prototype/readAttribute/index.html]
[api.prototypejs.org/dom/Element/prototype/recursivelyCollect/index.html]
[api.prototypejs.org/dom/Element/prototype/relativize/index.html]
[api.prototypejs.org/dom/Element/prototype/remove/index.html]
[api.prototypejs.org/dom/Element/prototype/removeClassName/index.html]
[api.prototypejs.org/dom/Element/prototype/replace/index.html]
[api.prototypejs.org/dom/Element/prototype/retrieve/index.html]
[api.prototypejs.org/dom/Element/prototype/scrollTo/index.html]
[api.prototypejs.org/dom/Element/prototype/select/index.html]
[api.prototypejs.org/dom/Element/prototype/setOpacity/index.html]
[api.prototypejs.org/dom/Element/prototype/setStyle/index.html]
[api.prototypejs.org/dom/Element/prototype/show/index.html]
[api.prototypejs.org/dom/Element/prototype/siblings/index.html]
[api.prototypejs.org/dom/Element/prototype/stopObserving/index.html]
[api.prototypejs.org/dom/Element/prototype/store/index.html]
[api.prototypejs.org/dom/Element/prototype/toggle/index.html]
[api.prototypejs.org/dom/Element/prototype/toggleClassName/index.html]
[api.prototypejs.org/dom/Element/prototype/undoClipping/index.html]
[api.prototypejs.org/dom/Element/prototype/undoPositioned/index.html]
[api.prototypejs.org/dom/Element/prototype/up/index.html]
[api.prototypejs.org/dom/Element/prototype/update/index.html]
[api.prototypejs.org/dom/Element/prototype/viewportOffset/index.html]
[api.prototypejs.org/dom/Element/prototype/visible/index.html]
[api.prototypejs.org/dom/Element/prototype/wrap/index.html]
[api.prototypejs.org/dom/Element/prototype/writeAttribute/index.html]
[api.prototypejs.org/dom/Element/Layout/new/index.html]
[api.prototypejs.org/dom/Element/Layout/COMPOSITE_PROPERTIES/index.html]
[api.prototypejs.org/dom/Element/Layout/PROPERTIES/index.html]
[api.prototypejs.org/dom/Element/Layout/prototype/get/index.html]
[api.prototypejs.org/dom/Element/Layout/prototype/toCSS/index.html]
[api.prototypejs.org/dom/Element/Layout/prototype/toHash/index.html]
[api.prototypejs.org/dom/Element/Layout/prototype/toObject/index.html]
[api.prototypejs.org/dom/Element/Offset/new/index.html]
[api.prototypejs.org/dom/Element/Offset/prototype/inspect/index.html]
[api.prototypejs.org/dom/Element/Offset/prototype/relativeTo/index.html]
[api.prototypejs.org/dom/Element/Offset/prototype/toArray/index.html]
[api.prototypejs.org/dom/Element/Offset/prototype/toString/index.html]
[api.prototypejs.org/dom/Event/element/index.html]
[api.prototypejs.org/dom/Event/extend/index.html]
[api.prototypejs.org/dom/Event/findElement/index.html]
[api.prototypejs.org/dom/Event/fire/index.html]
[api.prototypejs.org/dom/Event/isLeftClick/index.html]
[api.prototypejs.org/dom/Event/isMiddleClick/index.html]
[api.prototypejs.org/dom/Event/isRightClick/index.html]
[api.prototypejs.org/dom/Event/observe/index.html]
[api.prototypejs.org/dom/Event/on/index.html]
[api.prototypejs.org/dom/Event/pointer/index.html]
[api.prototypejs.org/dom/Event/pointerX/index.html]
[api.prototypejs.org/dom/Event/pointerY/index.html]
[api.prototypejs.org/dom/Event/stop/index.html]
[api.prototypejs.org/dom/Event/stopObserving/index.html]
[api.prototypejs.org/dom/Event/prototype/element/index.html]
[api.prototypejs.org/dom/Event/prototype/extend/index.html]
[api.prototypejs.org/dom/Event/prototype/findElement/index.html]
[api.prototypejs.org/dom/Event/prototype/isLeftClick/index.html]
[api.prototypejs.org/dom/Event/prototype/isMiddleClick/index.html]
[api.prototypejs.org/dom/Event/prototype/isRightClick/index.html]
[api.prototypejs.org/dom/Event/prototype/pointer/index.html]
[api.prototypejs.org/dom/Event/prototype/pointerX/index.html]
[api.prototypejs.org/dom/Event/prototype/pointerY/index.html]
[api.prototypejs.org/dom/Event/prototype/stop/index.html]
[api.prototypejs.org/dom/Event/Handler/new/index.html]
[api.prototypejs.org/dom/Event/Handler/prototype/start/index.html]
[api.prototypejs.org/dom/Event/Handler/prototype/stop/index.html]
[api.prototypejs.org/dom/Form/disable/index.html]
[api.prototypejs.org/dom/Form/enable/index.html]
[api.prototypejs.org/dom/Form/findFirstElement/index.html]
[api.prototypejs.org/dom/Form/focusFirstElement/index.html]
[api.prototypejs.org/dom/Form/getElements/index.html]
[api.prototypejs.org/dom/Form/getInputs/index.html]
[api.prototypejs.org/dom/Form/request/index.html]
[api.prototypejs.org/dom/Form/reset/index.html]
[api.prototypejs.org/dom/Form/serialize/index.html]
[api.prototypejs.org/dom/Form/serializeElements/index.html]
[api.prototypejs.org/dom/Form/prototype/disable/index.html]
[api.prototypejs.org/dom/Form/prototype/enable/index.html]
[api.prototypejs.org/dom/Form/prototype/findFirstElement/index.html]
[api.prototypejs.org/dom/Form/prototype/focusFirstElement/index.html]
[api.prototypejs.org/dom/Form/prototype/getElements/index.html]
[api.prototypejs.org/dom/Form/prototype/getInputs/index.html]
[api.prototypejs.org/dom/Form/prototype/request/index.html]
[api.prototypejs.org/dom/Form/prototype/reset/index.html]
[api.prototypejs.org/dom/Form/prototype/serialize/index.html]
[api.prototypejs.org/dom/Form/Element/activate/index.html]
[api.prototypejs.org/dom/Form/Element/clear/index.html]
[api.prototypejs.org/dom/Form/Element/disable/index.html]
[api.prototypejs.org/dom/Form/Element/enable/index.html]
[api.prototypejs.org/dom/Form/Element/focus/index.html]
[api.prototypejs.org/dom/Form/Element/present/index.html]
[api.prototypejs.org/dom/Form/Element/select/index.html]
[api.prototypejs.org/dom/Form/Element/serialize/index.html]
[api.prototypejs.org/dom/Form/Element/setValue/index.html]
[api.prototypejs.org/dom/Form/Element/prototype/activate/index.html]
[api.prototypejs.org/dom/Form/Element/prototype/clear/index.html]
[api.prototypejs.org/dom/Form/Element/prototype/disable/index.html]
[api.prototypejs.org/dom/Form/Element/prototype/enable/index.html]
[api.prototypejs.org/dom/Form/Element/prototype/present/index.html]
[api.prototypejs.org/dom/Form/Element/prototype/serialize/index.html]
[api.prototypejs.org/dom/Form/Element/prototype/setValue/index.html]
[api.prototypejs.org/dom/Form/Element/Observer/new/index.html]
[api.prototypejs.org/dom/Form/Observer/new/index.html]
[api.prototypejs.org/dom/Selector/new/index.html]
[api.prototypejs.org/dom/Selector/findChildElements/index.html]
[api.prototypejs.org/dom/Selector/findElement/index.html]
[api.prototypejs.org/dom/Selector/matchElements/index.html]
[api.prototypejs.org/dom/Selector/prototype/findElements/index.html]
[api.prototypejs.org/dom/Selector/prototype/match/index.html]
[api.prototypejs.org/language/Array/from/index.html]
[api.prototypejs.org/language/Enumerable/prototype/each/index.html]
[api.prototypejs.org/language/Enumerable/prototype/toArray/index.html]
[api.prototypejs.org/language/ObjectRange/prototype/start/index.html]
[api.prototypejs.org/language/ObjectRange/prototype/end/index.html]
[api.prototypejs.org/language/Enumerable/prototype/min/index.html]
[api.prototypejs.org/language/Enumerable/prototype/max/index.html]
[api.prototypejs.org/language/String/prototype/succ/index.html]
[api.prototypejs.org/language/Array/prototype/clear/index.html]
[api.prototypejs.org/language/Array/prototype/clone/index.html]
[api.prototypejs.org/language/Array/prototype/compact/index.html]
[api.prototypejs.org/language/Array/prototype/first/index.html]
[api.prototypejs.org/language/Array/prototype/flatten/index.html]
[api.prototypejs.org/language/Array/prototype/indexOf/index.html]
[api.prototypejs.org/language/Array/prototype/inspect/index.html]
[api.prototypejs.org/language/Array/prototype/intersect/index.html]
[api.prototypejs.org/language/Array/prototype/last/index.html]
[api.prototypejs.org/language/Array/prototype/lastIndexOf/index.html]
[api.prototypejs.org/language/Array/prototype/reverse/index.html]
[api.prototypejs.org/language/Array/prototype/size/index.html]
[api.prototypejs.org/language/Array/prototype/toArray/index.html]
[api.prototypejs.org/language/Array/prototype/uniq/index.html]
[api.prototypejs.org/language/Array/prototype/without/index.html]
[api.prototypejs.org/language/Class/create/index.html]
[api.prototypejs.org/language/Class/prototype/addMethods/index.html]
[api.prototypejs.org/language/Date/prototype/toISOString/index.html]
[api.prototypejs.org/language/Date/prototype/toJSON/index.html]
[api.prototypejs.org/language/Enumerable/prototype/all/index.html]
[api.prototypejs.org/language/Enumerable/prototype/any/index.html]
[api.prototypejs.org/language/Enumerable/prototype/collect/index.html]
[api.prototypejs.org/language/Enumerable/prototype/detect/index.html]
[api.prototypejs.org/language/Enumerable/prototype/eachSlice/index.html]
[api.prototypejs.org/language/Enumerable/prototype/entries/index.html]
[api.prototypejs.org/language/Enumerable/prototype/every/index.html]
[api.prototypejs.org/language/Enumerable/prototype/filter/index.html]
[api.prototypejs.org/language/Enumerable/prototype/find/index.html]
[api.prototypejs.org/language/Enumerable/prototype/findAll/index.html]
[api.prototypejs.org/language/Enumerable/prototype/grep/index.html]
[api.prototypejs.org/language/Enumerable/prototype/include/index.html]
[api.prototypejs.org/language/Enumerable/prototype/inGroupsOf/index.html]
[api.prototypejs.org/language/Enumerable/prototype/inject/index.html]
[api.prototypejs.org/language/Enumerable/prototype/inspect/index.html]
[api.prototypejs.org/language/Enumerable/prototype/invoke/index.html]
[api.prototypejs.org/language/Enumerable/prototype/map/index.html]
[api.prototypejs.org/language/Enumerable/prototype/member/index.html]
[api.prototypejs.org/language/Enumerable/prototype/partition/index.html]
[api.prototypejs.org/language/Enumerable/prototype/pluck/index.html]
[api.prototypejs.org/language/Enumerable/prototype/reject/index.html]
[api.prototypejs.org/language/Enumerable/prototype/select/index.html]
[api.prototypejs.org/language/Enumerable/prototype/size/index.html]
[api.prototypejs.org/language/Enumerable/prototype/some/index.html]
[api.prototypejs.org/language/Enumerable/prototype/sortBy/index.html]
[api.prototypejs.org/language/Enumerable/prototype/zip/index.html]
[api.prototypejs.org/language/Function/prototype/argumentNames/index.html]
[api.prototypejs.org/language/Function/prototype/bind/index.html]
[api.prototypejs.org/language/Function/prototype/bindAsEventListener/index.html]
[api.prototypejs.org/language/Function/prototype/curry/index.html]
[api.prototypejs.org/language/Function/prototype/defer/index.html]
[api.prototypejs.org/language/Function/prototype/delay/index.html]
[api.prototypejs.org/language/Function/prototype/methodize/index.html]
[api.prototypejs.org/language/Function/prototype/wrap/index.html]
[api.prototypejs.org/language/Hash/new/index.html]
[api.prototypejs.org/language/Hash/prototype/clone/index.html]
[api.prototypejs.org/language/Hash/prototype/each/index.html]
[api.prototypejs.org/language/Hash/prototype/get/index.html]
[api.prototypejs.org/language/Hash/prototype/index/index.html]
[api.prototypejs.org/language/Hash/prototype/inspect/index.html]
[api.prototypejs.org/language/Hash/prototype/keys/index.html]
[api.prototypejs.org/language/Hash/prototype/merge/index.html]
[api.prototypejs.org/language/Hash/prototype/set/index.html]
[api.prototypejs.org/language/Hash/prototype/toJSON/index.html]
[api.prototypejs.org/language/Hash/prototype/toObject/index.html]
[api.prototypejs.org/language/Hash/prototype/toQueryString/index.html]
[api.prototypejs.org/language/Hash/prototype/toTemplateReplacements/index.html]
[api.prototypejs.org/language/Hash/prototype/unset/index.html]
[api.prototypejs.org/language/Hash/prototype/update/index.html]
[api.prototypejs.org/language/Hash/prototype/values/index.html]
[api.prototypejs.org/language/Number/prototype/abs/index.html]
[api.prototypejs.org/language/Number/prototype/ceil/index.html]
[api.prototypejs.org/language/Number/prototype/floor/index.html]
[api.prototypejs.org/language/Number/prototype/round/index.html]
[api.prototypejs.org/language/Number/prototype/succ/index.html]
[api.prototypejs.org/language/Number/prototype/times/index.html]
[api.prototypejs.org/language/Number/prototype/toColorPart/index.html]
[api.prototypejs.org/language/Number/prototype/toPaddedString/index.html]
[api.prototypejs.org/language/Object/clone/index.html]
[api.prototypejs.org/language/Object/extend/index.html]
[api.prototypejs.org/language/Object/inspect/index.html]
[api.prototypejs.org/language/Object/isArray/index.html]
[api.prototypejs.org/language/Object/isDate/index.html]
[api.prototypejs.org/language/Object/isElement/index.html]
[api.prototypejs.org/language/Object/isFunction/index.html]
[api.prototypejs.org/language/Object/isHash/index.html]
[api.prototypejs.org/language/Object/isNumber/index.html]
[api.prototypejs.org/language/Object/isString/index.html]
[api.prototypejs.org/language/Object/isUndefined/index.html]
[api.prototypejs.org/language/Object/keys/index.html]
[api.prototypejs.org/language/Object/toHTML/index.html]
[api.prototypejs.org/language/Object/toJSON/index.html]
[api.prototypejs.org/language/Object/toQueryString/index.html]
[api.prototypejs.org/language/Object/values/index.html]
[api.prototypejs.org/language/ObjectRange/new/index.html]
[api.prototypejs.org/language/ObjectRange/prototype/include/index.html]
[api.prototypejs.org/language/PeriodicalExecuter/new/index.html]
[api.prototypejs.org/language/PeriodicalExecuter/prototype/stop/index.html]
[api.prototypejs.org/language/RegExp/escape/index.html]
[api.prototypejs.org/language/RegExp/prototype/match/index.html]
[api.prototypejs.org/language/String/interpret/index.html]
[api.prototypejs.org/language/String/prototype/blank/index.html]
[api.prototypejs.org/language/String/prototype/camelize/index.html]
[api.prototypejs.org/language/String/prototype/capitalize/index.html]
[api.prototypejs.org/language/String/prototype/dasherize/index.html]
[api.prototypejs.org/language/String/prototype/empty/index.html]
[api.prototypejs.org/language/String/prototype/endsWith/index.html]
[api.prototypejs.org/language/String/prototype/escapeHTML/index.html]
[api.prototypejs.org/language/String/prototype/evalJSON/index.html]
[api.prototypejs.org/language/String/prototype/extractScripts/index.html]
[api.prototypejs.org/language/String/prototype/gsub/index.html]
[api.prototypejs.org/language/String/prototype/include/index.html]
[api.prototypejs.org/language/String/prototype/inspect/index.html]
[api.prototypejs.org/language/String/prototype/interpolate/index.html]
[api.prototypejs.org/language/String/prototype/isJSON/index.html]
[api.prototypejs.org/language/String/prototype/parseQuery/index.html]
[api.prototypejs.org/language/String/prototype/scan/index.html]
[api.prototypejs.org/language/String/prototype/startsWith/index.html]
[api.prototypejs.org/language/String/prototype/strip/index.html]
[api.prototypejs.org/language/String/prototype/stripScripts/index.html]
[api.prototypejs.org/language/String/prototype/stripTags/index.html]
[api.prototypejs.org/language/String/prototype/sub/index.html]
[api.prototypejs.org/language/String/prototype/times/index.html]
[api.prototypejs.org/language/String/prototype/toArray/index.html]
[api.prototypejs.org/language/String/prototype/toQueryParams/index.html]
[api.prototypejs.org/language/String/prototype/truncate/index.html]
[api.prototypejs.org/language/String/prototype/underscore/index.html]
[api.prototypejs.org/language/String/prototype/unescapeHTML/index.html]
[api.prototypejs.org/language/String/prototype/unfilterJSON/index.html]
[api.prototypejs.org/language/Template/new/index.html]
[api.prototypejs.org/language/Template/prototype/evaluate/index.html]
[api.prototypejs.org/language/Try/these/index.html]
[prototypejs.org/images/hdrtile.gif]
[prototypejs.org/images/sbar-tile.gif]
[prototypejs.org/images/inset.gif]
[prototypejs.org/images/logo-home.gif]
[prototypejs.org/images/feed.png]
[prototypejs.org/images/class.png]
[prototypejs.org/images/method.png]
[prototypejs.org/images/deprecated.gif]
[prototypejs.org/images/notice.gif]
[prototypejs.org/stylesheets/main.css]
[prototypejs.org/javascripts/prototype.js]
[prototypejs.org/learn/stylesheets/main.html]
